displayDriver.c:86:6:refreshDisplay	80	static,ignoring_inline_asm
displayDriver.c:131:6:displaySetBrightness	0	static
displayDriver.c:140:6:displayInit	8	static
displayDriver.c:187:6:displayFillArea	12	static
displayDriver.c:206:6:displayInvertArea	64	static
displayDriver.c:232:6:displayFill	16	static
displayDriver.c:239:6:displayFillNoise	24	static
displayDriver.c:246:6:displayInvert	4	static
displayDriver.c:260:6:displayClear	0	static
displayDriver.c:268:6:displayGammaCorrectArea	16	static
displayDriver.c:287:6:displayGammaCorrect	8	static
displayDriver.c:359:6:displayScroll	56	static,ignoring_inline_asm
displayDriver.c:371:6:displayMirror	40	static
displayDriver.c:413:6:displayGoTo	4	static
displayDriver.c:420:6:displaySetFont	8	static
displayDriver.c:424:6:displayNewLine	0	static
displayDriver.c:435:6:displayPutChar	88	static
displayDriver.c:469:6:displayPrint	16	static
displayDriver.c:481:6:displaySetPixel	16	static
displayDriver.c:490:6:displayDrawRectangle	96	static
displayDriver.c:518:6:displayDrawCircle	160	static
displayDriver.c:568:6:displayLoadImage	72	static
displayDriver.c:612:9:mountSD	8	static
displayDriver.c:621:6:unmountSD	0	static
displayDriver.c:626:6:displayLoadImageSD	2040	static
displayDriver.c:738:6:displayPlayImagesSD	152	static,ignoring_inline_asm
displayDriver.c:764:10:RGB	0	static
displayDriver.c:769:10:HSV	56	static
displayDriver.c:839:10:convertRGB	8	static
displayDriver.c:886:9:gammaCorrected	24	static
displayDriver.c:900:6:delay_nops	0	static,ignoring_inline_asm
displayDriver.c:904:6:simpleDelay	0	static,ignoring_inline_asm
displayDriver.c:911:6:refreshDelay	16	static
displayDriver.c:919:6:displayDelay	0	static,ignoring_inline_asm
