Archive member included to satisfy reference by file (symbol)

c:/st/stm32cubeide_1.0.0/stm32cubeide/plugins/com.st.stm32cube.ide.mcu.externaltools.gnu-tools-for-stm32.7-2018-q2-update.win32_1.0.0.201904181610/tools/bin/../lib/gcc/arm-none-eabi/7.3.1/../../../../arm-none-eabi/lib/thumb/v7e-m/fpv4-sp/hard\libc_nano.a(lib_a-errno.o)
                              Src/syscalls.o (__errno)
c:/st/stm32cubeide_1.0.0/stm32cubeide/plugins/com.st.stm32cube.ide.mcu.externaltools.gnu-tools-for-stm32.7-2018-q2-update.win32_1.0.0.201904181610/tools/bin/../lib/gcc/arm-none-eabi/7.3.1/../../../../arm-none-eabi/lib/thumb/v7e-m/fpv4-sp/hard\libc_nano.a(lib_a-exit.o)
                              c:/st/stm32cubeide_1.0.0/stm32cubeide/plugins/com.st.stm32cube.ide.mcu.externaltools.gnu-tools-for-stm32.7-2018-q2-update.win32_1.0.0.201904181610/tools/bin/../lib/gcc/arm-none-eabi/7.3.1/../../../../arm-none-eabi/lib/thumb/v7e-m/fpv4-sp/hard/crt0.o (exit)
c:/st/stm32cubeide_1.0.0/stm32cubeide/plugins/com.st.stm32cube.ide.mcu.externaltools.gnu-tools-for-stm32.7-2018-q2-update.win32_1.0.0.201904181610/tools/bin/../lib/gcc/arm-none-eabi/7.3.1/../../../../arm-none-eabi/lib/thumb/v7e-m/fpv4-sp/hard\libc_nano.a(lib_a-impure.o)
                              c:/st/stm32cubeide_1.0.0/stm32cubeide/plugins/com.st.stm32cube.ide.mcu.externaltools.gnu-tools-for-stm32.7-2018-q2-update.win32_1.0.0.201904181610/tools/bin/../lib/gcc/arm-none-eabi/7.3.1/../../../../arm-none-eabi/lib/thumb/v7e-m/fpv4-sp/hard\libc_nano.a(lib_a-exit.o) (_global_impure_ptr)
c:/st/stm32cubeide_1.0.0/stm32cubeide/plugins/com.st.stm32cube.ide.mcu.externaltools.gnu-tools-for-stm32.7-2018-q2-update.win32_1.0.0.201904181610/tools/bin/../lib/gcc/arm-none-eabi/7.3.1/../../../../arm-none-eabi/lib/thumb/v7e-m/fpv4-sp/hard\libc_nano.a(lib_a-init.o)
                              c:/st/stm32cubeide_1.0.0/stm32cubeide/plugins/com.st.stm32cube.ide.mcu.externaltools.gnu-tools-for-stm32.7-2018-q2-update.win32_1.0.0.201904181610/tools/bin/../lib/gcc/arm-none-eabi/7.3.1/../../../../arm-none-eabi/lib/thumb/v7e-m/fpv4-sp/hard/crt0.o (__libc_init_array)
c:/st/stm32cubeide_1.0.0/stm32cubeide/plugins/com.st.stm32cube.ide.mcu.externaltools.gnu-tools-for-stm32.7-2018-q2-update.win32_1.0.0.201904181610/tools/bin/../lib/gcc/arm-none-eabi/7.3.1/../../../../arm-none-eabi/lib/thumb/v7e-m/fpv4-sp/hard\libc_nano.a(lib_a-memcpy-stub.o)
                              Middlewares/Third_Party/FreeRTOS/Source/queue.o (memcpy)
c:/st/stm32cubeide_1.0.0/stm32cubeide/plugins/com.st.stm32cube.ide.mcu.externaltools.gnu-tools-for-stm32.7-2018-q2-update.win32_1.0.0.201904181610/tools/bin/../lib/gcc/arm-none-eabi/7.3.1/../../../../arm-none-eabi/lib/thumb/v7e-m/fpv4-sp/hard\libc_nano.a(lib_a-memmove.o)
                              displayDriver/displayDriver.o (memmove)
c:/st/stm32cubeide_1.0.0/stm32cubeide/plugins/com.st.stm32cube.ide.mcu.externaltools.gnu-tools-for-stm32.7-2018-q2-update.win32_1.0.0.201904181610/tools/bin/../lib/gcc/arm-none-eabi/7.3.1/../../../../arm-none-eabi/lib/thumb/v7e-m/fpv4-sp/hard\libc_nano.a(lib_a-memset.o)
                              c:/st/stm32cubeide_1.0.0/stm32cubeide/plugins/com.st.stm32cube.ide.mcu.externaltools.gnu-tools-for-stm32.7-2018-q2-update.win32_1.0.0.201904181610/tools/bin/../lib/gcc/arm-none-eabi/7.3.1/../../../../arm-none-eabi/lib/thumb/v7e-m/fpv4-sp/hard/crt0.o (memset)
c:/st/stm32cubeide_1.0.0/stm32cubeide/plugins/com.st.stm32cube.ide.mcu.externaltools.gnu-tools-for-stm32.7-2018-q2-update.win32_1.0.0.201904181610/tools/bin/../lib/gcc/arm-none-eabi/7.3.1/../../../../arm-none-eabi/lib/thumb/v7e-m/fpv4-sp/hard\libc_nano.a(lib_a-rand.o)
                              displayDriver/displayDriver.o (rand)
c:/st/stm32cubeide_1.0.0/stm32cubeide/plugins/com.st.stm32cube.ide.mcu.externaltools.gnu-tools-for-stm32.7-2018-q2-update.win32_1.0.0.201904181610/tools/bin/../lib/gcc/arm-none-eabi/7.3.1/../../../../arm-none-eabi/lib/thumb/v7e-m/fpv4-sp/hard\libc_nano.a(lib_a-sprintf.o)
                              displayDriver/displayDriver.o (sprintf)
c:/st/stm32cubeide_1.0.0/stm32cubeide/plugins/com.st.stm32cube.ide.mcu.externaltools.gnu-tools-for-stm32.7-2018-q2-update.win32_1.0.0.201904181610/tools/bin/../lib/gcc/arm-none-eabi/7.3.1/../../../../arm-none-eabi/lib/thumb/v7e-m/fpv4-sp/hard\libc_nano.a(lib_a-malloc.o)
                              c:/st/stm32cubeide_1.0.0/stm32cubeide/plugins/com.st.stm32cube.ide.mcu.externaltools.gnu-tools-for-stm32.7-2018-q2-update.win32_1.0.0.201904181610/tools/bin/../lib/gcc/arm-none-eabi/7.3.1/../../../../arm-none-eabi/lib/thumb/v7e-m/fpv4-sp/hard\libc_nano.a(lib_a-rand.o) (malloc)
c:/st/stm32cubeide_1.0.0/stm32cubeide/plugins/com.st.stm32cube.ide.mcu.externaltools.gnu-tools-for-stm32.7-2018-q2-update.win32_1.0.0.201904181610/tools/bin/../lib/gcc/arm-none-eabi/7.3.1/../../../../arm-none-eabi/lib/thumb/v7e-m/fpv4-sp/hard\libc_nano.a(lib_a-nano-freer.o)
[...]
Memory Configuration

Name             Origin             Length             Attributes
FLASH            0x0000000008000000 0x0000000000100000 xr
CCMRAM           0x0000000010000000 0x0000000000010000 xrw
RAM              0x0000000020000000 0x0000000000020000 xrw
*default*        0x0000000000000000 0xffffffffffffffff

Linker script and memory map

LOAD c:/st/stm32cubeide_1.0.0/stm32cubeide/plugins/com.st.stm32cube.ide.mcu.externaltools.gnu-tools-for-stm32.7-2018-q2-update.win32_1.0.0.201904181610/tools/bin/../lib/gcc/arm-none-eabi/7.3.1/thumb/v7e-m/fpv4-sp/hard/crti.o
LOAD c:/st/stm32cubeide_1.0.0/stm32cubeide/plugins/com.st.stm32cube.ide.mcu.externaltools.gnu-tools-for-stm32.7-2018-q2-update.win32_1.0.0.201904181610/tools/bin/../lib/gcc/arm-none-eabi/7.3.1/thumb/v7e-m/fpv4-sp/hard/crtbegin.o
LOAD c:/st/stm32cubeide_1.0.0/stm32cubeide/plugins/com.st.stm32cube.ide.mcu.externaltools.gnu-tools-for-stm32.7-2018-q2-update.win32_1.0.0.201904181610/tools/bin/../lib/gcc/arm-none-eabi/7.3.1/../../../../arm-none-eabi/lib/thumb/v7e-m/fpv4-sp/hard/crt0.o
LOAD Drivers/STM32F4xx_HAL_Driver/Src/stm32f4xx_hal.o
LOAD Drivers/STM32F4xx_HAL_Driver/Src/stm32f4xx_hal_cortex.o
LOAD Drivers/STM32F4xx_HAL_Driver/Src/stm32f4xx_hal_dma.o
LOAD Drivers/STM32F4xx_HAL_Driver/Src/stm32f4xx_hal_dma_ex.o
LOAD Drivers/STM32F4xx_HAL_Driver/Src/stm32f4xx_hal_exti.o
LOAD Drivers/STM32F4xx_HAL_Driver/Src/stm32f4xx_hal_flash.o
LOAD Drivers/STM32F4xx_HAL_Driver/Src/stm32f4xx_hal_flash_ex.o
LOAD Drivers/STM32F4xx_HAL_Driver/Src/stm32f4xx_hal_flash_ramfunc.o
LOAD Drivers/STM32F4xx_HAL_Driver/Src/stm32f4xx_hal_gpio.o
LOAD Drivers/STM32F4xx_HAL_Driver/Src/stm32f4xx_hal_pwr.o
LOAD Drivers/STM32F4xx_HAL_Driver/Src/stm32f4xx_hal_pwr_ex.o
LOAD Drivers/STM32F4xx_HAL_Driver/Src/stm32f4xx_hal_rcc.o
LOAD Drivers/STM32F4xx_HAL_Driver/Src/stm32f4xx_hal_rcc_ex.o
LOAD Drivers/STM32F4xx_HAL_Driver/Src/stm32f4xx_hal_tim.o
LOAD Drivers/STM32F4xx_HAL_Driver/Src/stm32f4xx_hal_tim_ex.o
LOAD Examples/display_example11.o
LOAD Middlewares/Third_Party/FatFs/src/diskio.o
LOAD Middlewares/Third_Party/FatFs/src/ff.o
LOAD Middlewares/Third_Party/FatFs/src/ff_gen_drv.o
LOAD Middlewares/Third_Party/FatFs/src/option/syscall.o
LOAD Middlewares/Third_Party/FreeRTOS/Source/CMSIS_RTOS/cmsis_os.o
LOAD Middlewares/Third_Party/FreeRTOS/Source/croutine.o
LOAD Middlewares/Third_Party/FreeRTOS/Source/event_groups.o
LOAD Middlewares/Third_Party/FreeRTOS/Source/list.o
LOAD Middlewares/Third_Party/FreeRTOS/Source/queue.o
LOAD Middlewares/Third_Party/FreeRTOS/Source/stream_buffer.o
LOAD Middlewares/Third_Party/FreeRTOS/Source/tasks.o
LOAD Middlewares/Third_Party/FreeRTOS/Source/timers.o
LOAD Middlewares/Third_Party/FreeRTOS/Source/portable/GCC/ARM_CM4F/port.o
LOAD Middlewares/Third_Party/FreeRTOS/Source/portable/MemMang/heap_4.o
LOAD Src/fatfs.o
LOAD Src/freertos.o
LOAD Src/main.o
LOAD Src/stm32f4xx_hal_msp.o
LOAD Src/stm32f4xx_hal_timebase_tim.o
LOAD Src/stm32f4xx_it.o
LOAD Src/syscalls.o
LOAD Src/sysmem.o
LOAD Src/system_stm32f4xx.o
LOAD Src/user_diskio.o
LOAD Startup/startup_stm32f415rgtx.o
LOAD displayDriver/displayDriver.o
START GROUP
LOAD c:/st/stm32cubeide_1.0.0/stm32cubeide/plugins/com.st.stm32cube.ide.mcu.externaltools.gnu-tools-for-stm32.7-2018-q2-update.win32_1.0.0.201904181610/tools/bin/../lib/gcc/arm-none-eabi/7.3.1/../../../../arm-none-eabi/lib/thumb/v7e-m/fpv4-sp/hard\libc_nano.a
LOAD c:/st/stm32cubeide_1.0.0/stm32cubeide/plugins/com.st.stm32cube.ide.mcu.externaltools.gnu-tools-for-stm32.7-2018-q2-update.win32_1.0.0.201904181610/tools/bin/../lib/gcc/arm-none-eabi/7.3.1/../../../../arm-none-eabi/lib/thumb/v7e-m/fpv4-sp/hard\libm.a
END GROUP
START GROUP
LOAD c:/st/stm32cubeide_1.0.0/stm32cubeide/plugins/com.st.stm32cube.ide.mcu.externaltools.gnu-tools-for-stm32.7-2018-q2-update.win32_1.0.0.201904181610/tools/bin/../lib/gcc/arm-none-eabi/7.3.1/thumb/v7e-m/fpv4-sp/hard\libgcc.a
LOAD c:/st/stm32cubeide_1.0.0/stm32cubeide/plugins/com.st.stm32cube.ide.mcu.externaltools.gnu-tools-for-stm32.7-2018-q2-update.win32_1.0.0.201904181610/tools/bin/../lib/gcc/arm-none-eabi/7.3.1/../../../../arm-none-eabi/lib/thumb/v7e-m/fpv4-sp/hard\libc_nano.a
END GROUP
START GROUP
LOAD c:/st/stm32cubeide_1.0.0/stm32cubeide/plugins/com.st.stm32cube.ide.mcu.externaltools.gnu-tools-for-stm32.7-2018-q2-update.win32_1.0.0.201904181610/tools/bin/../lib/gcc/arm-none-eabi/7.3.1/thumb/v7e-m/fpv4-sp/hard\libgcc.a
LOAD c:/st/stm32cubeide_1.0.0/stm32cubeide/plugins/com.st.stm32cube.ide.mcu.externaltools.gnu-tools-for-stm32.7-2018-q2-update.win32_1.0.0.201904181610/tools/bin/../lib/gcc/arm-none-eabi/7.3.1/../../../../arm-none-eabi/lib/thumb/v7e-m/fpv4-sp/hard\libc_nano.a
LOAD c:/st/stm32cubeide_1.0.0/stm32cubeide/plugins/com.st.stm32cube.ide.mcu.externaltools.gnu-tools-for-stm32.7-2018-q2-update.win32_1.0.0.201904181610/tools/bin/../lib/gcc/arm-none-eabi/7.3.1/../../../../arm-none-eabi/lib/thumb/v7e-m/fpv4-sp/hard\libnosys.a
END GROUP
START GROUP
LOAD c:/st/stm32cubeide_1.0.0/stm32cubeide/plugins/com.st.stm32cube.ide.mcu.externaltools.gnu-tools-for-stm32.7-2018-q2-update.win32_1.0.0.201904181610/tools/bin/../lib/gcc/arm-none-eabi/7.3.1/thumb/v7e-m/fpv4-sp/hard\libgcc.a
LOAD c:/st/stm32cubeide_1.0.0/stm32cubeide/plugins/com.st.stm32cube.ide.mcu.externaltools.gnu-tools-for-stm32.7-2018-q2-update.win32_1.0.0.201904181610/tools/bin/../lib/gcc/arm-none-eabi/7.3.1/../../../../arm-none-eabi/lib/thumb/v7e-m/fpv4-sp/hard\libc_nano.a
LOAD c:/st/stm32cubeide_1.0.0/stm32cubeide/plugins/com.st.stm32cube.ide.mcu.externaltools.gnu-tools-for-stm32.7-2018-q2-update.win32_1.0.0.201904181610/tools/bin/../lib/gcc/arm-none-eabi/7.3.1/../../../../arm-none-eabi/lib/thumb/v7e-m/fpv4-sp/hard\libnosys.a
END GROUP
LOAD c:/st/stm32cubeide_1.0.0/stm32cubeide/plugins/com.st.stm32cube.ide.mcu.externaltools.gnu-tools-for-stm32.7-2018-q2-update.win32_1.0.0.201904181610/tools/bin/../lib/gcc/arm-none-eabi/7.3.1/thumb/v7e-m/fpv4-sp/hard/crtend.o
LOAD c:/st/stm32cubeide_1.0.0/stm32cubeide/plugins/com.st.stm32cube.ide.mcu.externaltools.gnu-tools-for-stm32.7-2018-q2-update.win32_1.0.0.201904181610/tools/bin/../lib/gcc/arm-none-eabi/7.3.1/thumb/v7e-m/fpv4-sp/hard/crtn.o
                0x000000002001ffff                _estack = 0x2001ffff
                0x0000000000000200                _Min_Heap_Size = 0x200
                0x0000000000000400                _Min_Stack_Size = 0x400

.isr_vector     0x0000000008000000      0x188
                0x0000000008000000                . = ALIGN (0x4)
 *(.isr_vector)
 .isr_vector    0x0000000008000000      0x188 Startup/startup_stm32f415rgtx.o
                0x0000000008000000                g_pfnVectors
                0x0000000008000188                . = ALIGN (0x4)

.text           0x0000000008000190     0x7aec
                0x0000000008000190                . = ALIGN (0x4)
 *(.text)
 .text          0x0000000008000190       0x40 c:/st/stm32cubeide_1.0.0/stm32cubeide/plugins/com.st.stm32cube.ide.mcu.externaltools.gnu-tools-for-stm32.7-2018-q2-update.win32_1.0.0.201904181610/tools/bin/../lib/gcc/arm-none-eabi/7.3.1/thumb/v7e-m/fpv4-sp/hard/crtbegin.o
 .text          0x00000000080001d0       0xa0 c:/st/stm32cubeide_1.0.0/stm32cubeide/plugins/com.st.stm32cube.ide.mcu.externaltools.gnu-tools-for-stm32.7-2018-q2-update.win32_1.0.0.201904181610/tools/bin/../lib/gcc/arm-none-eabi/7.3.1/../../../../arm-none-eabi/lib/thumb/v7e-m/fpv4-sp/hard\libc_nano.a(lib_a-memchr.o)
                0x00000000080001d0                memchr
 .text          0x0000000008000270       0x30 c:/st/stm32cubeide_1.0.0/stm32cubeide/plugins/com.st.stm32cube.ide.mcu.externaltools.gnu-tools-for-stm32.7-2018-q2-update.win32_1.0.0.201904181610/tools/bin/../lib/gcc/arm-none-eabi/7.3.1/thumb/v7e-m/fpv4-sp/hard\libgcc.a(_aeabi_uldivmod.o)
                0x0000000008000270                __aeabi_uldivmod
 .text          0x00000000080002a0      0x2cc c:/st/stm32cubeide_1.0.0/stm32cubeide/plugins/com.st.stm32cube.ide.mcu.externaltools.gnu-tools-for-stm32.7-2018-q2-update.win32_1.0.0.201904181610/tools/bin/../lib/gcc/arm-none-eabi/7.3.1/thumb/v7e-m/fpv4-sp/hard\libgcc.a(_udivmoddi4.o)
                0x00000000080002a0                __udivmoddi4
 .text          0x000000000800056c        0x4 c:/st/stm32cubeide_1.0.0/stm32cubeide/plugins/com.st.stm32cube.ide.mcu.externaltools.gnu-tools-for-stm32.7-2018-q2-update.win32_1.0.0.201904181610/tools/bin/../lib/gcc/arm-none-eabi/7.3.1/thumb/v7e-m/fpv4-sp/hard\libgcc.a(_dvmd_tls.o)
                0x000000000800056c                __aeabi_idiv0
                0x000000000800056c                __aeabi_ldiv0
 *(.text*)
 .text.HAL_Init
                0x0000000008000570       0x34 Drivers/STM32F4xx_HAL_Driver/Src/stm32f4xx_hal.o
                0x0000000008000570                HAL_Init
 .text.HAL_IncTick
                0x00000000080005a4       0x18 Drivers/STM32F4xx_HAL_Driver/Src/stm32f4xx_hal.o
                0x00000000080005a4                HAL_IncTick
 .text.HAL_GetTick
                0x00000000080005bc        0xc Drivers/STM32F4xx_HAL_Driver/Src/stm32f4xx_hal.o
                0x00000000080005bc                HAL_GetTick
 .text.HAL_NVIC_SetPriorityGrouping
                0x00000000080005c8       0x24 Drivers/STM32F4xx_HAL_Driver/Src/stm32f4xx_hal_cortex.o
                0x00000000080005c8                HAL_NVIC_SetPriorityGrouping
 .text.HAL_NVIC_SetPriority
                0x00000000080005ec       0x6c Drivers/STM32F4xx_HAL_Driver/Src/stm32f4xx_hal_cortex.o
                0x00000000080005ec                HAL_NVIC_SetPriority
 .text.HAL_NVIC_EnableIRQ
                0x0000000008000658       0x1c Drivers/STM32F4xx_HAL_Driver/Src/stm32f4xx_hal_cortex.o
                0x0000000008000658                HAL_NVIC_EnableIRQ
 .text.HAL_RCC_OscConfig
                0x0000000008000674      0x374 Drivers/STM32F4xx_HAL_Driver/Src/stm32f4xx_hal_rcc.o
                0x0000000008000674                HAL_RCC_OscConfig
 .text.HAL_RCC_GetSysClockFreq
                0x00000000080009e8       0x60 Drivers/STM32F4xx_HAL_Driver/Src/stm32f4xx_hal_rcc.o
                0x00000000080009e8                HAL_RCC_GetSysClockFreq
 .text.HAL_RCC_ClockConfig
                0x0000000008000a48      0x134 Drivers/STM32F4xx_HAL_Driver/Src/stm32f4xx_hal_rcc.o
                0x0000000008000a48                HAL_RCC_ClockConfig
 .text.HAL_RCC_GetPCLK2Freq
                0x0000000008000b7c       0x20 Drivers/STM32F4xx_HAL_Driver/Src/stm32f4xx_hal_rcc.o
                0x0000000008000b7c                HAL_RCC_GetPCLK2Freq
 .text.HAL_RCC_GetClockConfig
                0x0000000008000b9c       0x44 Drivers/STM32F4xx_HAL_Driver/Src/stm32f4xx_hal_rcc.o
                0x0000000008000b9c                HAL_RCC_GetClockConfig
 .text.HAL_TIM_Base_Init
                0x0000000008000be0      0x108 Drivers/STM32F4xx_HAL_Driver/Src/stm32f4xx_hal_tim.o
                0x0000000008000be0                HAL_TIM_Base_Init
 .text.HAL_TIM_Base_Start_IT
                0x0000000008000ce8       0x20 Drivers/STM32F4xx_HAL_Driver/Src/stm32f4xx_hal_tim.o
                0x0000000008000ce8                HAL_TIM_Base_Start_IT
 .text.HAL_TIM_ConfigClockSource
                0x0000000008000d08      0x14c Drivers/STM32F4xx_HAL_Driver/Src/stm32f4xx_hal_tim.o
                0x0000000008000d08                HAL_TIM_ConfigClockSource
 .text.HAL_TIM_OC_DelayElapsedCallback
                0x0000000008000e54        0x4 Drivers/STM32F4xx_HAL_Driver/Src/stm32f4xx_hal_tim.o
                0x0000000008000e54                HAL_TIM_OC_DelayElapsedCallback
 .text.HAL_TIM_IC_CaptureCallback
                0x0000000008000e58        0x4 Drivers/STM32F4xx_HAL_Driver/Src/stm32f4xx_hal_tim.o
                0x0000000008000e58                HAL_TIM_IC_CaptureCallback
 .text.HAL_TIM_PWM_PulseFinishedCallback
                0x0000000008000e5c        0x4 Drivers/STM32F4xx_HAL_Driver/Src/stm32f4xx_hal_tim.o
                0x0000000008000e5c                HAL_TIM_PWM_PulseFinishedCallback
 .text.HAL_TIM_TriggerCallback
                0x0000000008000e60        0x4 Drivers/STM32F4xx_HAL_Driver/Src/stm32f4xx_hal_tim.o
                0x0000000008000e60                HAL_TIM_TriggerCallback
 .text.HAL_TIM_IRQHandler
                0x0000000008000e64      0x154 Drivers/STM32F4xx_HAL_Driver/Src/stm32f4xx_hal_tim.o
                0x0000000008000e64                HAL_TIM_IRQHandler
 .text.HAL_TIMEx_MasterConfigSynchronization
                0x0000000008000fb8       0x44 Drivers/STM32F4xx_HAL_Driver/Src/stm32f4xx_hal_tim_ex.o
                0x0000000008000fb8                HAL_TIMEx_MasterConfigSynchronization
 .text.HAL_TIMEx_CommutCallback
                0x0000000008000ffc        0x4 Drivers/STM32F4xx_HAL_Driver/Src/stm32f4xx_hal_tim_ex.o
                0x0000000008000ffc                HAL_TIMEx_CommutCallback
 .text.HAL_TIMEx_BreakCallback
                0x0000000008001000        0x4 Drivers/STM32F4xx_HAL_Driver/Src/stm32f4xx_hal_tim_ex.o
                0x0000000008001000                HAL_TIMEx_BreakCallback
 .text.setup    0x0000000008001004       0x10 Examples/display_example11.o
                0x0000000008001004                setup
 .text.loop     0x0000000008001014      0x280 Examples/display_example11.o
                0x0000000008001014                loop
 .text.disk_status
                0x0000000008001294       0x14 Middlewares/Third_Party/FatFs/src/diskio.o
                0x0000000008001294                disk_status
 .text.disk_initialize
                0x00000000080012a8       0x20 Middlewares/Third_Party/FatFs/src/diskio.o
                0x00000000080012a8                disk_initialize
 .text.disk_read
                0x00000000080012c8       0x1c Middlewares/Third_Party/FatFs/src/diskio.o
                0x00000000080012c8                disk_read
 .text.disk_write
                0x00000000080012e4       0x1c Middlewares/Third_Party/FatFs/src/diskio.o
                0x00000000080012e4                disk_write
 .text.disk_ioctl
                0x0000000008001300       0x1c Middlewares/Third_Party/FatFs/src/diskio.o
                0x0000000008001300                disk_ioctl
 .text.unlikely.move_window.part.7
                0x000000000800131c       0x72 Middlewares/Third_Party/FatFs/src/ff.o
 *fill*         0x000000000800138e        0x2 
 .text.sync_fs  0x0000000008001390       0xf0 Middlewares/Third_Party/FatFs/src/ff.o
 .text.put_fat.part.9
                0x0000000008001480      0x2bc Middlewares/Third_Party/FatFs/src/ff.o
 .text.remove_chain
                0x000000000800173c      0x574 Middlewares/Third_Party/FatFs/src/ff.o
 .text.dir_sdi.constprop.14
                0x0000000008001cb0      0x2ec Middlewares/Third_Party/FatFs/src/ff.o
 .text.get_fat.isra.10
                0x0000000008001f9c      0x24c Middlewares/Third_Party/FatFs/src/ff.o
 .text.create_chain
                0x00000000080021e8      0x36c Middlewares/Third_Party/FatFs/src/ff.o
 .text.dir_register
                0x0000000008002554      0x364 Middlewares/Third_Party/FatFs/src/ff.o
 .text.follow_path
                0x00000000080028b8      0x31c Middlewares/Third_Party/FatFs/src/ff.o
 .text.find_volume
                0x0000000008002bd4      0x6bc Middlewares/Third_Party/FatFs/src/ff.o
 .text.f_mount  0x0000000008003290       0x90 Middlewares/Third_Party/FatFs/src/ff.o
                0x0000000008003290                f_mount
 .text.f_open   0x0000000008003320      0x3e8 Middlewares/Third_Party/FatFs/src/ff.o
                0x0000000008003320                f_open
 .text.f_read   0x0000000008003708      0x39c Middlewares/Third_Party/FatFs/src/ff.o
                0x0000000008003708                f_read
 .text.f_close  0x0000000008003aa4      0x190 Middlewares/Third_Party/FatFs/src/ff.o
                0x0000000008003aa4                f_close
 .text.f_lseek  0x0000000008003c34      0x5b0 Middlewares/Third_Party/FatFs/src/ff.o
                0x0000000008003c34                f_lseek
 .text.f_opendir
                0x00000000080041e4       0xf8 Middlewares/Third_Party/FatFs/src/ff.o
                0x00000000080041e4                f_opendir
 .text.f_closedir
                0x00000000080042dc       0x68 Middlewares/Third_Party/FatFs/src/ff.o
                0x00000000080042dc                f_closedir
 .text.f_readdir
                0x0000000008004344      0x324 Middlewares/Third_Party/FatFs/src/ff.o
                0x0000000008004344                f_readdir
 .text.FATFS_LinkDriver
                0x0000000008004668       0x48 Middlewares/Third_Party/FatFs/src/ff_gen_drv.o
                0x0000000008004668                FATFS_LinkDriver
 .text.FATFS_UnLinkDriver
                0x00000000080046b0       0x38 Middlewares/Third_Party/FatFs/src/ff_gen_drv.o
                0x00000000080046b0                FATFS_UnLinkDriver
 .text.osKernelStart
                0x00000000080046e8        0xc Middlewares/Third_Party/FreeRTOS/Source/CMSIS_RTOS/cmsis_os.o
                0x00000000080046e8                osKernelStart
 .text.osThreadCreate
                0x00000000080046f4       0x54 Middlewares/Third_Party/FreeRTOS/Source/CMSIS_RTOS/cmsis_os.o
                0x00000000080046f4                osThreadCreate
 .text.osDelay  0x0000000008004748       0x10 Middlewares/Third_Party/FreeRTOS/Source/CMSIS_RTOS/cmsis_os.o
                0x0000000008004748                osDelay
 .text.vListInitialise
                0x0000000008004758       0x18 Middlewares/Third_Party/FreeRTOS/Source/list.o
                0x0000000008004758                vListInitialise
 .text.vListInitialiseItem
                0x0000000008004770        0x8 Middlewares/Third_Party/FreeRTOS/Source/list.o
                0x0000000008004770                vListInitialiseItem
 .text.vListInsertEnd
                0x0000000008004778       0x20 Middlewares/Third_Party/FreeRTOS/Source/list.o
                0x0000000008004778                vListInsertEnd
 .text.vListInsert
                0x0000000008004798       0x34 Middlewares/Third_Party/FreeRTOS/Source/list.o
                0x0000000008004798                vListInsert
 .text.uxListRemove
                0x00000000080047cc       0x28 Middlewares/Third_Party/FreeRTOS/Source/list.o
                0x00000000080047cc                uxListRemove
 .text.prvAddNewTaskToReadyList
                0x00000000080047f4      0x118 Middlewares/Third_Party/FreeRTOS/Source/tasks.o
 .text.prvInitialiseNewTask.isra.2
                0x000000000800490c      0x114 Middlewares/Third_Party/FreeRTOS/Source/tasks.o
 .text.prvAddCurrentTaskToDelayedList
                0x0000000008004a20       0x8c Middlewares/Third_Party/FreeRTOS/Source/tasks.o
 .text.prvIdleTask
                0x0000000008004aac       0xa0 Middlewares/Third_Party/FreeRTOS/Source/tasks.o
 .text.xTaskCreateStatic
                0x0000000008004b4c       0x70 Middlewares/Third_Party/FreeRTOS/Source/tasks.o
                0x0000000008004b4c                xTaskCreateStatic
 .text.xTaskCreate
                0x0000000008004bbc      0x150 Middlewares/Third_Party/FreeRTOS/Source/tasks.o
                0x0000000008004bbc                xTaskCreate
 .text.vTaskStartScheduler
                0x0000000008004d0c       0xc0 Middlewares/Third_Party/FreeRTOS/Source/tasks.o
                0x0000000008004d0c                vTaskStartScheduler
 .text.vTaskSuspendAll
                0x0000000008004dcc       0x10 Middlewares/Third_Party/FreeRTOS/Source/tasks.o
                0x0000000008004dcc                vTaskSuspendAll
 .text.xTaskIncrementTick
                0x0000000008004ddc      0x158 Middlewares/Third_Party/FreeRTOS/Source/tasks.o
                0x0000000008004ddc                xTaskIncrementTick
 .text.xTaskResumeAll
                0x0000000008004f34      0x114 Middlewares/Third_Party/FreeRTOS/Source/tasks.o
                0x0000000008004f34                xTaskResumeAll
 .text.vTaskDelay
                0x0000000008005048       0x48 Middlewares/Third_Party/FreeRTOS/Source/tasks.o
                0x0000000008005048                vTaskDelay
 .text.vTaskSwitchContext
                0x0000000008005090       0x7c Middlewares/Third_Party/FreeRTOS/Source/tasks.o
                0x0000000008005090                vTaskSwitchContext
 .text.prvTaskExitError
                0x000000000800510c       0x40 Middlewares/Third_Party/FreeRTOS/Source/portable/GCC/ARM_CM4F/port.o
 .text.unlikely.prvPortStartFirstTask
                0x000000000800514c       0x28 Middlewares/Third_Party/FreeRTOS/Source/portable/GCC/ARM_CM4F/port.o
 .text.unlikely.vPortEnableVFP
                0x0000000008005174       0x14 Middlewares/Third_Party/FreeRTOS/Source/portable/GCC/ARM_CM4F/port.o
 .text.pxPortInitialiseStack
                0x0000000008005188       0x2c Middlewares/Third_Party/FreeRTOS/Source/portable/GCC/ARM_CM4F/port.o
                0x0000000008005188                pxPortInitialiseStack
 *fill*         0x00000000080051b4        0xc 
 .text.SVC_Handler
                0x00000000080051c0       0x24 Middlewares/Third_Party/FreeRTOS/Source/portable/GCC/ARM_CM4F/port.o
                0x00000000080051c0                SVC_Handler
 .text.vPortEnterCritical
                0x00000000080051e4       0x44 Middlewares/Third_Party/FreeRTOS/Source/portable/GCC/ARM_CM4F/port.o
                0x00000000080051e4                vPortEnterCritical
 .text.vPortExitCritical
                0x0000000008005228       0x28 Middlewares/Third_Party/FreeRTOS/Source/portable/GCC/ARM_CM4F/port.o
                0x0000000008005228                vPortExitCritical
 .text.PendSV_Handler
                0x0000000008005250       0x64 Middlewares/Third_Party/FreeRTOS/Source/portable/GCC/ARM_CM4F/port.o
                0x0000000008005250                PendSV_Handler
 .text.SysTick_Handler
                0x00000000080052b4       0x2c Middlewares/Third_Party/FreeRTOS/Source/portable/GCC/ARM_CM4F/port.o
                0x00000000080052b4                SysTick_Handler
 .text.vPortSetupTimerInterrupt
                0x00000000080052e0       0x3c Middlewares/Third_Party/FreeRTOS/Source/portable/GCC/ARM_CM4F/port.o
                0x00000000080052e0                vPortSetupTimerInterrupt
 .text.xPortStartScheduler
                0x000000000800531c      0x110 Middlewares/Third_Party/FreeRTOS/Source/portable/GCC/ARM_CM4F/port.o
                0x000000000800531c                xPortStartScheduler
 .text.unlikely.prvInsertBlockIntoFreeList
                0x000000000800542c       0x50 Middlewares/Third_Party/FreeRTOS/Source/portable/MemMang/heap_4.o
 .text.pvPortMalloc
                0x000000000800547c      0x118 Middlewares/Third_Party/FreeRTOS/Source/portable/MemMang/heap_4.o
                0x000000000800547c                pvPortMalloc
 .text.vPortFree
                0x0000000008005594       0x70 Middlewares/Third_Party/FreeRTOS/Source/portable/MemMang/heap_4.o
                0x0000000008005594                vPortFree
 .text.MX_FATFS_Init
                0x0000000008005604       0x1c Src/fatfs.o
                0x0000000008005604                MX_FATFS_Init
 .text.get_fattime
                0x0000000008005620        0x4 Src/fatfs.o
                0x0000000008005620                get_fattime
 .text.vApplicationGetIdleTaskMemory
                0x0000000008005624       0x1c Src/freertos.o
                0x0000000008005624                vApplicationGetIdleTaskMemory
 .text.StartMainTask
                0x0000000008005640       0x2c Src/main.o
                0x0000000008005640                StartMainTask
 .text.StartRefreshTask
                0x000000000800566c       0x10 Src/main.o
                0x000000000800566c                StartRefreshTask
 .text.SystemClock_Config
                0x000000000800567c       0x94 Src/main.o
                0x000000000800567c                SystemClock_Config
 .text.startup.main
                0x0000000008005710       0xc0 Src/main.o
                0x0000000008005710                main
 .text.HAL_TIM_PeriodElapsedCallback
                0x00000000080057d0       0x14 Src/main.o
                0x00000000080057d0                HAL_TIM_PeriodElapsedCallback
 .text.HAL_MspInit
                0x00000000080057e4       0x40 Src/stm32f4xx_hal_msp.o
                0x00000000080057e4                HAL_MspInit
 .text.HAL_TIM_Base_MspInit
                0x0000000008005824       0x3c Src/stm32f4xx_hal_msp.o
                0x0000000008005824                HAL_TIM_Base_MspInit
 .text.HAL_InitTick
                0x0000000008005860       0x80 Src/stm32f4xx_hal_timebase_tim.o
                0x0000000008005860                HAL_InitTick
 .text.NMI_Handler
                0x00000000080058e0        0x4 Src/stm32f4xx_it.o
                0x00000000080058e0                NMI_Handler
 .text.HardFault_Handler
                0x00000000080058e4        0x4 Src/stm32f4xx_it.o
                0x00000000080058e4                HardFault_Handler
 .text.MemManage_Handler
                0x00000000080058e8        0x4 Src/stm32f4xx_it.o
                0x00000000080058e8                MemManage_Handler
 .text.BusFault_Handler
                0x00000000080058ec        0x4 Src/stm32f4xx_it.o
                0x00000000080058ec                BusFault_Handler
 .text.UsageFault_Handler
                0x00000000080058f0        0x4 Src/stm32f4xx_it.o
                0x00000000080058f0                UsageFault_Handler
 .text.DebugMon_Handler
                0x00000000080058f4        0x4 Src/stm32f4xx_it.o
                0x00000000080058f4                DebugMon_Handler
 .text.TIM1_UP_TIM10_IRQHandler
                0x00000000080058f8        0xc Src/stm32f4xx_it.o
                0x00000000080058f8                TIM1_UP_TIM10_IRQHandler
 .text.TIM2_IRQHandler
                0x0000000008005904        0xc Src/stm32f4xx_it.o
                0x0000000008005904                TIM2_IRQHandler
 .text._sbrk    0x0000000008005910       0x3c Src/sysmem.o
                0x0000000008005910                _sbrk
 .text.SystemInit
                0x000000000800594c       0x50 Src/system_stm32f4xx.o
                0x000000000800594c                SystemInit
 .text.USER_status
                0x000000000800599c       0x14 Src/user_diskio.o
                0x000000000800599c                USER_status
 .text.rcvr_datablock
                0x00000000080059b0       0xb4 Src/user_diskio.o
 .text.xmit_datablock.part.2
                0x0000000008005a64       0xa0 Src/user_diskio.o
 .text.send_cmd
                0x0000000008005b04      0x160 Src/user_diskio.o
 .text.USER_initialize
                0x0000000008005c64      0x2f0 Src/user_diskio.o
                0x0000000008005c64                USER_initialize
 .text.USER_read
                0x0000000008005f54      0x148 Src/user_diskio.o
                0x0000000008005f54                USER_read
 .text.USER_ioctl
                0x000000000800609c      0x2a8 Src/user_diskio.o
                0x000000000800609c                USER_ioctl
 .text.USER_write
                0x0000000008006344      0x174 Src/user_diskio.o
                0x0000000008006344                USER_write
 .text.Reset_Handler
                0x00000000080064b8       0x50 Startup/startup_stm32f415rgtx.o
                0x00000000080064b8                Reset_Handler
 .text.Default_Handler
                0x0000000008006508        0x2 Startup/startup_stm32f415rgtx.o
                0x0000000008006508                RTC_Alarm_IRQHandler
                0x0000000008006508                HASH_RNG_IRQHandler
                0x0000000008006508                EXTI2_IRQHandler
                0x0000000008006508                TIM8_CC_IRQHandler
                0x0000000008006508                TIM1_CC_IRQHandler
                0x0000000008006508                DMA2_Stream5_IRQHandler
                0x0000000008006508                DMA1_Stream5_IRQHandler
                0x0000000008006508                PVD_IRQHandler
                0x0000000008006508                SDIO_IRQHandler
                0x0000000008006508                TAMP_STAMP_IRQHandler
                0x0000000008006508                CAN2_RX1_IRQHandler
                0x0000000008006508                EXTI3_IRQHandler
                0x0000000008006508                TIM8_TRG_COM_TIM14_IRQHandler
                0x0000000008006508                TIM8_UP_TIM13_IRQHandler
                0x0000000008006508                I2C3_ER_IRQHandler
                0x0000000008006508                EXTI0_IRQHandler
                0x0000000008006508                I2C2_EV_IRQHandler
                0x0000000008006508                DMA1_Stream2_IRQHandler
                0x0000000008006508                CAN1_RX0_IRQHandler
                0x0000000008006508                FPU_IRQHandler
                0x0000000008006508                OTG_HS_WKUP_IRQHandler
                0x0000000008006508                CAN2_SCE_IRQHandler
                0x0000000008006508                DMA2_Stream2_IRQHandler
                0x0000000008006508                SPI1_IRQHandler
                0x0000000008006508                TIM6_DAC_IRQHandler
                0x0000000008006508                TIM1_BRK_TIM9_IRQHandler
                0x0000000008006508                CAN2_RX0_IRQHandler
                0x0000000008006508                DMA2_Stream3_IRQHandler
                0x0000000008006508                USART6_IRQHandler
                0x0000000008006508                USART3_IRQHandler
                0x0000000008006508                CRYP_IRQHandler
                0x0000000008006508                CAN1_RX1_IRQHandler
                0x0000000008006508                UART5_IRQHandler
                0x0000000008006508                DMA2_Stream0_IRQHandler
                0x0000000008006508                TIM4_IRQHandler
                0x0000000008006508                I2C1_EV_IRQHandler
                0x0000000008006508                DMA1_Stream6_IRQHandler
                0x0000000008006508                DMA1_Stream1_IRQHandler
                0x0000000008006508                UART4_IRQHandler
                0x0000000008006508                TIM3_IRQHandler
                0x0000000008006508                RCC_IRQHandler
                0x0000000008006508                TIM8_BRK_TIM12_IRQHandler
                0x0000000008006508                Default_Handler
                0x0000000008006508                EXTI15_10_IRQHandler
                0x0000000008006508                ADC_IRQHandler
                0x0000000008006508                DMA1_Stream7_IRQHandler
                0x0000000008006508                TIM7_IRQHandler
                0x0000000008006508                CAN2_TX_IRQHandler
                0x0000000008006508                TIM5_IRQHandler
                0x0000000008006508                DMA2_Stream7_IRQHandler
                0x0000000008006508                I2C3_EV_IRQHandler
                0x0000000008006508                EXTI9_5_IRQHandler
                0x0000000008006508                RTC_WKUP_IRQHandler
                0x0000000008006508                SPI2_IRQHandler
                0x0000000008006508                OTG_HS_EP1_IN_IRQHandler
                0x0000000008006508                DMA1_Stream0_IRQHandler
                0x0000000008006508                CAN1_TX_IRQHandler
                0x0000000008006508                EXTI4_IRQHandler
                0x0000000008006508                FSMC_IRQHandler
                0x0000000008006508                OTG_HS_EP1_OUT_IRQHandler
                0x0000000008006508                WWDG_IRQHandler
                0x0000000008006508                OTG_FS_WKUP_IRQHandler
                0x0000000008006508                TIM1_TRG_COM_TIM11_IRQHandler
                0x0000000008006508                OTG_HS_IRQHandler
                0x0000000008006508                EXTI1_IRQHandler
                0x0000000008006508                USART2_IRQHandler
                0x0000000008006508                I2C2_ER_IRQHandler
                0x0000000008006508                DMA2_Stream1_IRQHandler
                0x0000000008006508                CAN1_SCE_IRQHandler
                0x0000000008006508                FLASH_IRQHandler
                0x0000000008006508                DMA2_Stream4_IRQHandler
                0x0000000008006508                USART1_IRQHandler
                0x0000000008006508                OTG_FS_IRQHandler
                0x0000000008006508                SPI3_IRQHandler
                0x0000000008006508                DMA1_Stream4_IRQHandler
                0x0000000008006508                I2C1_ER_IRQHandler
                0x0000000008006508                DMA2_Stream6_IRQHandler
                0x0000000008006508                DMA1_Stream3_IRQHandler
 *fill*         0x000000000800650a        0x2 
 .text.refreshDisplay
                0x000000000800650c      0x2d8 displayDriver/displayDriver.o
                0x000000000800650c                refreshDisplay
 .text.displaySetBrightness
                0x00000000080067e4        0xc displayDriver/displayDriver.o
                0x00000000080067e4                displaySetBrightness
 .text.displayInit
                0x00000000080067f0      0x4c4 displayDriver/displayDriver.o
                0x00000000080067f0                displayInit
 .text.displayFill
                0x0000000008006cb4       0x2c displayDriver/displayDriver.o
                0x0000000008006cb4                displayFill
 .text.displayClear
                0x0000000008006ce0       0x1c displayDriver/displayDriver.o
                0x0000000008006ce0                displayClear
 .text.displayScroll
                0x0000000008006cfc      0x148 displayDriver/displayDriver.o
                0x0000000008006cfc                displayScroll
 .text.displayGoTo
                0x0000000008006e44       0x30 displayDriver/displayDriver.o
                0x0000000008006e44                displayGoTo
 .text.displayPutChar
                0x0000000008006e74      0x1d4 displayDriver/displayDriver.o
                0x0000000008006e74                displayPutChar
 .text.displayPrint
                0x0000000008007048       0x20 displayDriver/displayDriver.o
                0x0000000008007048                displayPrint
 .text.mountSD  0x0000000008007068       0x1c displayDriver/displayDriver.o
                0x0000000008007068                mountSD
 .text.unmountSD
                0x0000000008007084        0xc displayDriver/displayDriver.o
                0x0000000008007084                unmountSD
 .text.displayLoadImageSD
                0x0000000008007090      0x2e4 displayDriver/displayDriver.o
                0x0000000008007090                displayLoadImageSD
 .text.displayPlayImagesSD
                0x0000000008007374       0x68 displayDriver/displayDriver.o
                0x0000000008007374                displayPlayImagesSD
 .text.displayDelay
                0x00000000080073dc       0x18 displayDriver/displayDriver.o
                0x00000000080073dc                displayDelay
 .text.__errno  0x00000000080073f4        0xc c:/st/stm32cubeide_1.0.0/stm32cubeide/plugins/com.st.stm32cube.ide.mcu.externaltools.gnu-tools-for-stm32.7-2018-q2-update.win32_1.0.0.201904181610/tools/bin/../lib/gcc/arm-none-eabi/7.3.1/../../../../arm-none-eabi/lib/thumb/v7e-m/fpv4-sp/hard\libc_nano.a(lib_a-errno.o)
                0x00000000080073f4                __errno
 .text.__libc_init_array
                0x0000000008007400       0x48 c:/st/stm32cubeide_1.0.0/stm32cubeide/plugins/com.st.stm32cube.ide.mcu.externaltools.gnu-tools-for-stm32.7-2018-q2-update.win32_1.0.0.201904181610/tools/bin/../lib/gcc/arm-none-eabi/7.3.1/../../../../arm-none-eabi/lib/thumb/v7e-m/fpv4-sp/hard\libc_nano.a(lib_a-init.o)
                0x0000000008007400                __libc_init_array
 .text.memcpy   0x0000000008007448       0x16 c:/st/stm32cubeide_1.0.0/stm32cubeide/plugins/com.st.stm32cube.ide.mcu.externaltools.gnu-tools-for-stm32.7-2018-q2-update.win32_1.0.0.201904181610/tools/bin/../lib/gcc/arm-none-eabi/7.3.1/../../../../arm-none-eabi/lib/thumb/v7e-m/fpv4-sp/hard\libc_nano.a(lib_a-memcpy-stub.o)
                0x0000000008007448                memcpy
 .text.memmove  0x000000000800745e       0x32 c:/st/stm32cubeide_1.0.0/stm32cubeide/plugins/com.st.stm32cube.ide.mcu.externaltools.gnu-tools-for-stm32.7-2018-q2-update.win32_1.0.0.201904181610/tools/bin/../lib/gcc/arm-none-eabi/7.3.1/../../../../arm-none-eabi/lib/thumb/v7e-m/fpv4-sp/hard\libc_nano.a(lib_a-memmove.o)
                0x000000000800745e                memmove
 .text.memset   0x0000000008007490       0x10 c:/st/stm32cubeide_1.0.0/stm32cubeide/plugins/com.st.stm32cube.ide.mcu.externaltools.gnu-tools-for-stm32.7-2018-q2-update.win32_1.0.0.201904181610/tools/bin/../lib/gcc/arm-none-eabi/7.3.1/../../../../arm-none-eabi/lib/thumb/v7e-m/fpv4-sp/hard\libc_nano.a(lib_a-memset.o)
                0x0000000008007490                memset
 .text.sprintf  0x00000000080074a0       0x40 c:/st/stm32cubeide_1.0.0/stm32cubeide/plugins/com.st.stm32cube.ide.mcu.externaltools.gnu-tools-for-stm32.7-2018-q2-update.win32_1.0.0.201904181610/tools/bin/../lib/gcc/arm-none-eabi/7.3.1/../../../../arm-none-eabi/lib/thumb/v7e-m/fpv4-sp/hard\libc_nano.a(lib_a-sprintf.o)
                0x00000000080074a0                siprintf
                0x00000000080074a0                sprintf
 .text._free_r  0x00000000080074e0       0x9c c:/st/stm32cubeide_1.0.0/stm32cubeide/plugins/com.st.stm32cube.ide.mcu.externaltools.gnu-tools-for-stm32.7-2018-q2-update.win32_1.0.0.201904181610/tools/bin/../lib/gcc/arm-none-eabi/7.3.1/../../../../arm-none-eabi/lib/thumb/v7e-m/fpv4-sp/hard\libc_nano.a(lib_a-nano-freer.o)
                0x00000000080074e0                _free_r
 .text._malloc_r
                0x000000000800757c       0xb4 c:/st/stm32cubeide_1.0.0/stm32cubeide/plugins/com.st.stm32cube.ide.mcu.externaltools.gnu-tools-for-stm32.7-2018-q2-update.win32_1.0.0.201904181610/tools/bin/../lib/gcc/arm-none-eabi/7.3.1/../../../../arm-none-eabi/lib/thumb/v7e-m/fpv4-sp/hard\libc_nano.a(lib_a-nano-mallocr.o)
                0x000000000800757c                _malloc_r
 .text.__ssputs_r
                0x0000000008007630       0xb4 c:/st/stm32cubeide_1.0.0/stm32cubeide/plugins/com.st.stm32cube.ide.mcu.externaltools.gnu-tools-for-stm32.7-2018-q2-update.win32_1.0.0.201904181610/tools/bin/../lib/gcc/arm-none-eabi/7.3.1/../../../../arm-none-eabi/lib/thumb/v7e-m/fpv4-sp/hard\libc_nano.a(lib_a-nano-svfprintf.o)
                0x0000000008007630                __ssputs_r
 .text._svfprintf_r
                0x00000000080076e4      0x1f0 c:/st/stm32cubeide_1.0.0/stm32cubeide/plugins/com.st.stm32cube.ide.mcu.externaltools.gnu-tools-for-stm32.7-2018-q2-update.win32_1.0.0.201904181610/tools/bin/../lib/gcc/arm-none-eabi/7.3.1/../../../../arm-none-eabi/lib/thumb/v7e-m/fpv4-sp/hard\libc_nano.a(lib_a-nano-svfprintf.o)
                0x00000000080076e4                _svfiprintf_r
                0x00000000080076e4                _svfprintf_r
 .text._printf_common
                0x00000000080078d4       0xea c:/st/stm32cubeide_1.0.0/stm32cubeide/plugins/com.st.stm32cube.ide.mcu.externaltools.gnu-tools-for-stm32.7-2018-q2-update.win32_1.0.0.201904181610/tools/bin/../lib/gcc/arm-none-eabi/7.3.1/../../../../arm-none-eabi/lib/thumb/v7e-m/fpv4-sp/hard\libc_nano.a(lib_a-nano-vfprintf_i.o)
                0x00000000080078d4                _printf_common
 *fill*         0x00000000080079be        0x2 
 .text._printf_i
                0x00000000080079c0      0x224 c:/st/stm32cubeide_1.0.0/stm32cubeide/plugins/com.st.stm32cube.ide.mcu.externaltools.gnu-tools-for-stm32.7-2018-q2-update.win32_1.0.0.201904181610/tools/bin/../lib/gcc/arm-none-eabi/7.3.1/../../../../arm-none-eabi/lib/thumb/v7e-m/fpv4-sp/hard\libc_nano.a(lib_a-nano-vfprintf_i.o)
                0x00000000080079c0                _printf_i
 .text._sbrk_r  0x0000000008007be4       0x20 c:/st/stm32cubeide_1.0.0/stm32cubeide/plugins/com.st.stm32cube.ide.mcu.externaltools.gnu-tools-for-stm32.7-2018-q2-update.win32_1.0.0.201904181610/tools/bin/../lib/gcc/arm-none-eabi/7.3.1/../../../../arm-none-eabi/lib/thumb/v7e-m/fpv4-sp/hard\libc_nano.a(lib_a-sbrkr.o)
                0x0000000008007be4                _sbrk_r
 .text.__malloc_lock
                0x0000000008007c04        0x2 c:/st/stm32cubeide_1.0.0/stm32cubeide/plugins/com.st.stm32cube.ide.mcu.externaltools.gnu-tools-for-stm32.7-2018-q2-update.win32_1.0.0.201904181610/tools/bin/../lib/gcc/arm-none-eabi/7.3.1/../../../../arm-none-eabi/lib/thumb/v7e-m/fpv4-sp/hard\libc_nano.a(lib_a-mlock.o)
                0x0000000008007c04                __malloc_lock
 .text.__malloc_unlock
                0x0000000008007c06        0x2 c:/st/stm32cubeide_1.0.0/stm32cubeide/plugins/com.st.stm32cube.ide.mcu.externaltools.gnu-tools-for-stm32.7-2018-q2-update.win32_1.0.0.201904181610/tools/bin/../lib/gcc/arm-none-eabi/7.3.1/../../../../arm-none-eabi/lib/thumb/v7e-m/fpv4-sp/hard\libc_nano.a(lib_a-mlock.o)
                0x0000000008007c06                __malloc_unlock
 .text._realloc_r
                0x0000000008007c08       0x4c c:/st/stm32cubeide_1.0.0/stm32cubeide/plugins/com.st.stm32cube.ide.mcu.externaltools.gnu-tools-for-stm32.7-2018-q2-update.win32_1.0.0.201904181610/tools/bin/../lib/gcc/arm-none-eabi/7.3.1/../../../../arm-none-eabi/lib/thumb/v7e-m/fpv4-sp/hard\libc_nano.a(lib_a-nano-reallocr.o)
                0x0000000008007c08                _realloc_r
 .text._malloc_usable_size_r
                0x0000000008007c54       0x10 c:/st/stm32cubeide_1.0.0/stm32cubeide/plugins/com.st.stm32cube.ide.mcu.externaltools.gnu-tools-for-stm32.7-2018-q2-update.win32_1.0.0.201904181610/tools/bin/../lib/gcc/arm-none-eabi/7.3.1/../../../../arm-none-eabi/lib/thumb/v7e-m/fpv4-sp/hard\libc_nano.a(lib_a-nano-msizer.o)
                0x0000000008007c54                _malloc_usable_size_r
 *(.glue_7)
 .glue_7        0x0000000008007c64        0x0 linker stubs
 *(.glue_7t)
 .glue_7t       0x0000000008007c64        0x0 linker stubs
 *(.eh_frame)
 .eh_frame      0x0000000008007c64        0x0 c:/st/stm32cubeide_1.0.0/stm32cubeide/plugins/com.st.stm32cube.ide.mcu.externaltools.gnu-tools-for-stm32.7-2018-q2-update.win32_1.0.0.201904181610/tools/bin/../lib/gcc/arm-none-eabi/7.3.1/thumb/v7e-m/fpv4-sp/hard/crtbegin.o
 *(.init)
 .init          0x0000000008007c64        0x4 c:/st/stm32cubeide_1.0.0/stm32cubeide/plugins/com.st.stm32cube.ide.mcu.externaltools.gnu-tools-for-stm32.7-2018-q2-update.win32_1.0.0.201904181610/tools/bin/../lib/gcc/arm-none-eabi/7.3.1/thumb/v7e-m/fpv4-sp/hard/crti.o
                0x0000000008007c64                _init
 .init          0x0000000008007c68        0x8 c:/st/stm32cubeide_1.0.0/stm32cubeide/plugins/com.st.stm32cube.ide.mcu.externaltools.gnu-tools-for-stm32.7-2018-q2-update.win32_1.0.0.201904181610/tools/bin/../lib/gcc/arm-none-eabi/7.3.1/thumb/v7e-m/fpv4-sp/hard/crtn.o
 *(.fini)
 .fini          0x0000000008007c70        0x4 c:/st/stm32cubeide_1.0.0/stm32cubeide/plugins/com.st.stm32cube.ide.mcu.externaltools.gnu-tools-for-stm32.7-2018-q2-update.win32_1.0.0.201904181610/tools/bin/../lib/gcc/arm-none-eabi/7.3.1/thumb/v7e-m/fpv4-sp/hard/crti.o
                0x0000000008007c70                _fini
 .fini          0x0000000008007c74        0x8 c:/st/stm32cubeide_1.0.0/stm32cubeide/plugins/com.st.stm32cube.ide.mcu.externaltools.gnu-tools-for-stm32.7-2018-q2-update.win32_1.0.0.201904181610/tools/bin/../lib/gcc/arm-none-eabi/7.3.1/thumb/v7e-m/fpv4-sp/hard/crtn.o
                0x0000000008007c7c                . = ALIGN (0x4)
                0x0000000008007c7c                _etext = .

.vfp11_veneer   0x0000000008007c7c        0x0
 .vfp11_veneer  0x0000000008007c7c        0x0 linker stubs

.v4_bx          0x0000000008007c7c        0x0
 .v4_bx         0x0000000008007c7c        0x0 linker stubs

.iplt           0x0000000008007c7c        0x0
 .iplt          0x0000000008007c7c        0x0 c:/st/stm32cubeide_1.0.0/stm32cubeide/plugins/com.st.stm32cube.ide.mcu.externaltools.gnu-tools-for-stm32.7-2018-q2-update.win32_1.0.0.201904181610/tools/bin/../lib/gcc/arm-none-eabi/7.3.1/thumb/v7e-m/fpv4-sp/hard/crtbegin.o

.rodata         0x0000000008007c7c      0x544
                0x0000000008007c7c                . = ALIGN (0x4)
 *(.rodata)
 .rodata        0x0000000008007c7c        0x7 Examples/display_example11.o
 *fill*         0x0000000008007c83        0x1 
 .rodata        0x0000000008007c84       0x38 Src/main.o
 *(.rodata*)
 .rodata.loop.str1.4
                0x0000000008007cbc       0xda Examples/display_example11.o
 *fill*         0x0000000008007d96        0x2 
 .rodata.ExCvt  0x0000000008007d98       0x80 Middlewares/Third_Party/FatFs/src/ff.o
 .rodata.follow_path.str1.4
                0x0000000008007e18        0xf Middlewares/Third_Party/FatFs/src/ff.o
 *fill*         0x0000000008007e27        0x1 
 .rodata.vTaskStartScheduler.str1.4
                0x0000000008007e28        0x5 Middlewares/Third_Party/FreeRTOS/Source/tasks.o
 *fill*         0x0000000008007e2d        0x3 
 .rodata.str1.4
                0x0000000008007e30       0x15 Src/main.o
 *fill*         0x0000000008007e45        0x3 
 .rodata.AHBPrescTable
                0x0000000008007e48       0x10 Src/system_stm32f4xx.o
                0x0000000008007e48                AHBPrescTable
 .rodata.APBPrescTable
                0x0000000008007e58        0x8 Src/system_stm32f4xx.o
                0x0000000008007e58                APBPrescTable
 .rodata.default5x7
                0x0000000008007e60      0x222 displayDriver/displayDriver.o
 *fill*         0x0000000008008082        0x2 
 .rodata.displayPlayImagesSD.str1.4
                0x0000000008008084        0x6 displayDriver/displayDriver.o
 *fill*         0x000000000800808a        0x2 
 .rodata.gamma_curve
                0x000000000800808c      0x100 displayDriver/displayDriver.o
 .rodata.mountSD.str1.4
                0x000000000800818c        0x8 displayDriver/displayDriver.o
                                          0x1 (size before relaxing)
 .rodata._svfprintf_r.str1.1
                0x000000000800818c       0x11 c:/st/stm32cubeide_1.0.0/stm32cubeide/plugins/com.st.stm32cube.ide.mcu.externaltools.gnu-tools-for-stm32.7-2018-q2-update.win32_1.0.0.201904181610/tools/bin/../lib/gcc/arm-none-eabi/7.3.1/../../../../arm-none-eabi/lib/thumb/v7e-m/fpv4-sp/hard\libc_nano.a(lib_a-nano-svfprintf.o)
 .rodata._printf_i.str1.1
                0x000000000800819d       0x22 c:/st/stm32cubeide_1.0.0/stm32cubeide/plugins/com.st.stm32cube.ide.mcu.externaltools.gnu-tools-for-stm32.7-2018-q2-update.win32_1.0.0.201904181610/tools/bin/../lib/gcc/arm-none-eabi/7.3.1/../../../../arm-none-eabi/lib/thumb/v7e-m/fpv4-sp/hard\libc_nano.a(lib_a-nano-vfprintf_i.o)
                0x00000000080081c0                . = ALIGN (0x4)
 *fill*         0x00000000080081bf        0x1 

.ARM.extab      0x00000000080081c0        0x0
                0x00000000080081c0                . = ALIGN (0x4)
 *(.ARM.extab* .gnu.linkonce.armextab.*)
                0x00000000080081c0                . = ALIGN (0x4)

.ARM            0x00000000080081c0        0x8
                0x00000000080081c0                . = ALIGN (0x4)
                0x00000000080081c0                __exidx_start = .
 *(.ARM.exidx*)
 .ARM.exidx     0x00000000080081c0        0x8 c:/st/stm32cubeide_1.0.0/stm32cubeide/plugins/com.st.stm32cube.ide.mcu.externaltools.gnu-tools-for-stm32.7-2018-q2-update.win32_1.0.0.201904181610/tools/bin/../lib/gcc/arm-none-eabi/7.3.1/thumb/v7e-m/fpv4-sp/hard\libgcc.a(_udivmoddi4.o)
                0x00000000080081c8                __exidx_end = .
                0x00000000080081c8                . = ALIGN (0x4)

.rel.dyn        0x00000000080081c8        0x0
 .rel.iplt      0x00000000080081c8        0x0 c:/st/stm32cubeide_1.0.0/stm32cubeide/plugins/com.st.stm32cube.ide.mcu.externaltools.gnu-tools-for-stm32.7-2018-q2-update.win32_1.0.0.201904181610/tools/bin/../lib/gcc/arm-none-eabi/7.3.1/thumb/v7e-m/fpv4-sp/hard/crtbegin.o

.preinit_array  0x00000000080081c8        0x0
                0x00000000080081c8                . = ALIGN (0x4)
                0x00000000080081c8                PROVIDE (__preinit_array_start = .)
 *(.preinit_array*)
                0x00000000080081c8                PROVIDE (__preinit_array_end = .)
                0x00000000080081c8                . = ALIGN (0x4)

.init_array     0x00000000080081c8        0x4
                0x00000000080081c8                . = ALIGN (0x4)
                0x00000000080081c8                PROVIDE (__init_array_start = .)
 *(SORT_BY_NAME(.init_array.*))
 *(.init_array*)
 .init_array    0x00000000080081c8        0x4 c:/st/stm32cubeide_1.0.0/stm32cubeide/plugins/com.st.stm32cube.ide.mcu.externaltools.gnu-tools-for-stm32.7-2018-q2-update.win32_1.0.0.201904181610/tools/bin/../lib/gcc/arm-none-eabi/7.3.1/thumb/v7e-m/fpv4-sp/hard/crtbegin.o
                0x00000000080081cc                PROVIDE (__init_array_end = .)
                0x00000000080081cc                . = ALIGN (0x4)

.fini_array     0x00000000080081cc        0x4
                0x00000000080081cc                . = ALIGN (0x4)
                [!provide]                        PROVIDE (__fini_array_start = .)
 *(SORT_BY_NAME(.fini_array.*))
 *(.fini_array*)
 .fini_array    0x00000000080081cc        0x4 c:/st/stm32cubeide_1.0.0/stm32cubeide/plugins/com.st.stm32cube.ide.mcu.externaltools.gnu-tools-for-stm32.7-2018-q2-update.win32_1.0.0.201904181610/tools/bin/../lib/gcc/arm-none-eabi/7.3.1/thumb/v7e-m/fpv4-sp/hard/crtbegin.o
                [!provide]                        PROVIDE (__fini_array_end = .)
                0x00000000080081d0                . = ALIGN (0x4)
                0x00000000080081d0                _sidata = LOADADDR (.data)

.data           0x0000000020000000       0x8c load address 0x00000000080081d0
                0x0000000020000000                . = ALIGN (0x4)
                0x0000000020000000                _sdata = .
 *(.data)
 *(.data*)
 .data.uwTickFreq
                0x0000000020000000        0x1 Drivers/STM32F4xx_HAL_Driver/Src/stm32f4xx_hal.o
                0x0000000020000000                uwTickFreq
 *fill*         0x0000000020000001        0x3 
 .data.uxCriticalNesting
                0x0000000020000004        0x4 Middlewares/Third_Party/FreeRTOS/Source/portable/GCC/ARM_CM4F/port.o
 .data.SystemCoreClock
                0x0000000020000008        0x4 Src/system_stm32f4xx.o
                0x0000000020000008                SystemCoreClock
 .data.Stat     0x000000002000000c        0x1 Src/user_diskio.o
 *fill*         0x000000002000000d        0x3 
 .data.USER_Driver
                0x0000000020000010       0x14 Src/user_diskio.o
                0x0000000020000010                USER_Driver
 .data.BITS_PER_CHANNEL
                0x0000000020000024        0x1 displayDriver/displayDriver.o
                0x0000000020000024                BITS_PER_CHANNEL
 *fill*         0x0000000020000025        0x1 
 .data.BRIGHTNESS
                0x0000000020000026        0x2 displayDriver/displayDriver.o
                0x0000000020000026                BRIGHTNESS
 .data._impure_ptr
                0x0000000020000028        0x4 c:/st/stm32cubeide_1.0.0/stm32cubeide/plugins/com.st.stm32cube.ide.mcu.externaltools.gnu-tools-for-stm32.7-2018-q2-update.win32_1.0.0.201904181610/tools/bin/../lib/gcc/arm-none-eabi/7.3.1/../../../../arm-none-eabi/lib/thumb/v7e-m/fpv4-sp/hard\libc_nano.a(lib_a-impure.o)
                0x0000000020000028                _impure_ptr
 .data.impure_data
                0x000000002000002c       0x60 c:/st/stm32cubeide_1.0.0/stm32cubeide/plugins/com.st.stm32cube.ide.mcu.externaltools.gnu-tools-for-stm32.7-2018-q2-update.win32_1.0.0.201904181610/tools/bin/../lib/gcc/arm-none-eabi/7.3.1/../../../../arm-none-eabi/lib/thumb/v7e-m/fpv4-sp/hard\libc_nano.a(lib_a-impure.o)
                0x000000002000008c                . = ALIGN (0x4)
                0x000000002000008c                _edata = .

.igot.plt       0x000000002000008c        0x0 load address 0x000000000800825c
 .igot.plt      0x000000002000008c        0x0 c:/st/stm32cubeide_1.0.0/stm32cubeide/plugins/com.st.stm32cube.ide.mcu.externaltools.gnu-tools-for-stm32.7-2018-q2-update.win32_1.0.0.201904181610/tools/bin/../lib/gcc/arm-none-eabi/7.3.1/thumb/v7e-m/fpv4-sp/hard/crtbegin.o
                0x000000002000008c                . = ALIGN (0x4)

.bss            0x000000002000008c     0x8f40 load address 0x000000000800825c
                0x000000002000008c                _sbss = .
                0x000000002000008c                __bss_start__ = _sbss
 *(.bss)
 .bss           0x000000002000008c       0x1c c:/st/stm32cubeide_1.0.0/stm32cubeide/plugins/com.st.stm32cube.ide.mcu.externaltools.gnu-tools-for-stm32.7-2018-q2-update.win32_1.0.0.201904181610/tools/bin/../lib/gcc/arm-none-eabi/7.3.1/thumb/v7e-m/fpv4-sp/hard/crtbegin.o
 *(.bss*)
 .bss.i         0x00000000200000a8        0x1 Examples/display_example11.o
                0x00000000200000a8                i
 *fill*         0x00000000200000a9        0x3 
 .bss.FatFs     0x00000000200000ac        0x4 Middlewares/Third_Party/FatFs/src/ff.o
 .bss.Files     0x00000000200000b0       0x20 Middlewares/Third_Party/FatFs/src/ff.o
 .bss.Fsid      0x00000000200000d0        0x2 Middlewares/Third_Party/FatFs/src/ff.o
 *fill*         0x00000000200000d2        0x2 
 .bss.disk      0x00000000200000d4        0xc Middlewares/Third_Party/FatFs/src/ff_gen_drv.o
                0x00000000200000d4                disk
 .bss.pxCurrentTCB
                0x00000000200000e0        0x4 Middlewares/Third_Party/FreeRTOS/Source/tasks.o
                0x00000000200000e0                pxCurrentTCB
 .bss.pxDelayedTaskList
                0x00000000200000e4        0x4 Middlewares/Third_Party/FreeRTOS/Source/tasks.o
 .bss.pxOverflowDelayedTaskList
                0x00000000200000e8        0x4 Middlewares/Third_Party/FreeRTOS/Source/tasks.o
 .bss.pxReadyTasksLists
                0x00000000200000ec       0x8c Middlewares/Third_Party/FreeRTOS/Source/tasks.o
 .bss.uxCurrentNumberOfTasks
                0x0000000020000178        0x4 Middlewares/Third_Party/FreeRTOS/Source/tasks.o
 .bss.uxDeletedTasksWaitingCleanUp
                0x000000002000017c        0x4 Middlewares/Third_Party/FreeRTOS/Source/tasks.o
 .bss.uxPendedTicks
                0x0000000020000180        0x4 Middlewares/Third_Party/FreeRTOS/Source/tasks.o
 .bss.uxSchedulerSuspended
                0x0000000020000184        0x4 Middlewares/Third_Party/FreeRTOS/Source/tasks.o
 .bss.uxTaskNumber
                0x0000000020000188        0x4 Middlewares/Third_Party/FreeRTOS/Source/tasks.o
 .bss.uxTopReadyPriority
                0x000000002000018c        0x4 Middlewares/Third_Party/FreeRTOS/Source/tasks.o
 .bss.xDelayedTaskList1
                0x0000000020000190       0x14 Middlewares/Third_Party/FreeRTOS/Source/tasks.o
 .bss.xDelayedTaskList2
                0x00000000200001a4       0x14 Middlewares/Third_Party/FreeRTOS/Source/tasks.o
 .bss.xNextTaskUnblockTime
                0x00000000200001b8        0x4 Middlewares/Third_Party/FreeRTOS/Source/tasks.o
 .bss.xNumOfOverflows
                0x00000000200001bc        0x4 Middlewares/Third_Party/FreeRTOS/Source/tasks.o
 .bss.xPendingReadyList
                0x00000000200001c0       0x14 Middlewares/Third_Party/FreeRTOS/Source/tasks.o
 .bss.xSchedulerRunning
                0x00000000200001d4        0x4 Middlewares/Third_Party/FreeRTOS/Source/tasks.o
 .bss.xSuspendedTaskList
                0x00000000200001d8       0x14 Middlewares/Third_Party/FreeRTOS/Source/tasks.o
 .bss.xTasksWaitingTermination
                0x00000000200001ec       0x14 Middlewares/Third_Party/FreeRTOS/Source/tasks.o
 .bss.xTickCount
                0x0000000020000200        0x4 Middlewares/Third_Party/FreeRTOS/Source/tasks.o
 .bss.xYieldPending
                0x0000000020000204        0x4 Middlewares/Third_Party/FreeRTOS/Source/tasks.o
 .bss.ucMaxSysCallPriority
                0x0000000020000208        0x1 Middlewares/Third_Party/FreeRTOS/Source/portable/GCC/ARM_CM4F/port.o
 *fill*         0x0000000020000209        0x3 
 .bss.ulMaxPRIGROUPValue
                0x000000002000020c        0x4 Middlewares/Third_Party/FreeRTOS/Source/portable/GCC/ARM_CM4F/port.o
 .bss.pxEnd     0x0000000020000210        0x4 Middlewares/Third_Party/FreeRTOS/Source/portable/MemMang/heap_4.o
 .bss.ucHeap    0x0000000020000214     0x3c00 Middlewares/Third_Party/FreeRTOS/Source/portable/MemMang/heap_4.o
 .bss.xBlockAllocatedBit
                0x0000000020003e14        0x4 Middlewares/Third_Party/FreeRTOS/Source/portable/MemMang/heap_4.o
 .bss.xFreeBytesRemaining
                0x0000000020003e18        0x4 Middlewares/Third_Party/FreeRTOS/Source/portable/MemMang/heap_4.o
 .bss.xMinimumEverFreeBytesRemaining
                0x0000000020003e1c        0x4 Middlewares/Third_Party/FreeRTOS/Source/portable/MemMang/heap_4.o
 .bss.xStart    0x0000000020003e20        0x8 Middlewares/Third_Party/FreeRTOS/Source/portable/MemMang/heap_4.o
 .bss.xIdleStack
                0x0000000020003e28      0x200 Src/freertos.o
 .bss.xIdleTaskTCBBuffer
                0x0000000020004028       0x54 Src/freertos.o
 .bss.heap_end.6424
                0x000000002000407c        0x4 Src/sysmem.o
 .bss.CardType  0x0000000020004080        0x1 Src/user_diskio.o
 *fill*         0x0000000020004081        0x3 
 .bss.Timer1    0x0000000020004084        0x4 Src/user_diskio.o
 .bss.Timer2    0x0000000020004088        0x4 Src/user_diskio.o
 .bss.FRAME_BUFF
                0x000000002000408c     0x4800 displayDriver/displayDriver.o
                0x000000002000408c                FRAME_BUFF
 .bss.SELECTED_FONT
                0x000000002000888c        0x8 displayDriver/displayDriver.o
                0x000000002000888c                SELECTED_FONT
 .bss.myFAT     0x0000000020008894      0x230 displayDriver/displayDriver.o
                0x0000000020008894                myFAT
 .bss.positionX
                0x0000000020008ac4        0x1 displayDriver/displayDriver.o
                0x0000000020008ac4                positionX
 .bss.positionY
                0x0000000020008ac5        0x1 displayDriver/displayDriver.o
                0x0000000020008ac5                positionY
 *fill*         0x0000000020008ac6        0x2 
 .bss.__malloc_free_list
                0x0000000020008ac8        0x4 c:/st/stm32cubeide_1.0.0/stm32cubeide/plugins/com.st.stm32cube.ide.mcu.externaltools.gnu-tools-for-stm32.7-2018-q2-update.win32_1.0.0.201904181610/tools/bin/../lib/gcc/arm-none-eabi/7.3.1/../../../../arm-none-eabi/lib/thumb/v7e-m/fpv4-sp/hard\libc_nano.a(lib_a-nano-mallocr.o)
                0x0000000020008ac8                __malloc_free_list
 .bss.__malloc_sbrk_start
                0x0000000020008acc        0x4 c:/st/stm32cubeide_1.0.0/stm32cubeide/plugins/com.st.stm32cube.ide.mcu.externaltools.gnu-tools-for-stm32.7-2018-q2-update.win32_1.0.0.201904181610/tools/bin/../lib/gcc/arm-none-eabi/7.3.1/../../../../arm-none-eabi/lib/thumb/v7e-m/fpv4-sp/hard\libc_nano.a(lib_a-nano-mallocr.o)
                0x0000000020008acc                __malloc_sbrk_start
 *(COMMON)
 COMMON         0x0000000020008ad0        0x4 Drivers/STM32F4xx_HAL_Driver/Src/stm32f4xx_hal.o
                0x0000000020008ad0                uwTick
 COMMON         0x0000000020008ad4      0x468 Src/fatfs.o
                0x0000000020008ad4                USERPath
                0x0000000020008ad8                retUSER
                0x0000000020008adc                USERFile
                0x0000000020008d0c                USERFatFS
 COMMON         0x0000000020008f3c       0x4c Src/main.o
                0x0000000020008f3c                mainTaskHandle
                0x0000000020008f40                refreshTaskHandle
                0x0000000020008f44                xMutex
                0x0000000020008f48                htim2
 COMMON         0x0000000020008f88       0x40 Src/stm32f4xx_hal_timebase_tim.o
                0x0000000020008f88                htim1
 COMMON         0x0000000020008fc8        0x4 c:/st/stm32cubeide_1.0.0/stm32cubeide/plugins/com.st.stm32cube.ide.mcu.externaltools.gnu-tools-for-stm32.7-2018-q2-update.win32_1.0.0.201904181610/tools/bin/../lib/gcc/arm-none-eabi/7.3.1/../../../../arm-none-eabi/lib/thumb/v7e-m/fpv4-sp/hard\libc_nano.a(lib_a-reent.o)
                0x0000000020008fc8                errno
                0x0000000020008fcc                . = ALIGN (0x4)
                0x0000000020008fcc                _ebss = .
                0x0000000020008fcc                __bss_end__ = _ebss

._user_heap_stack
                0x0000000020008fcc      0x604 load address 0x000000000800825c
                0x0000000020008fd0                . = ALIGN (0x8)
 *fill*         0x0000000020008fcc        0x4 
                0x0000000020008fd0                PROVIDE (end = .)
                [!provide]                        PROVIDE (_end = .)
                0x00000000200091d0                . = (. + _Min_Heap_Size)
 *fill*         0x0000000020008fd0      0x200 
                0x00000000200095d0                . = (. + _Min_Stack_Size)
 *fill*         0x00000000200091d0      0x400 
                0x00000000200095d0                . = ALIGN (0x8)

/DISCARD/
 libc.a(*)
 libm.a(*)
 libgcc.a(*)

.ARM.attributes
                0x0000000000000000       0x30
 *(.ARM.attributes)
 .ARM.attributes
                0x0000000000000000       0x22 c:/st/stm32cubeide_1.0.0/stm32cubeide/plugins/com.st.stm32cube.ide.mcu.externaltools.gnu-tools-for-stm32.7-2018-q2-update.win32_1.0.0.201904181610/tools/bin/../lib/gcc/arm-none-eabi/7.3.1/thumb/v7e-m/fpv4-sp/hard/crti.o
 .ARM.attributes
                0x0000000000000022       0x34 c:/st/stm32cubeide_1.0.0/stm32cubeide/plugins/com.st.stm32cube.ide.mcu.externaltools.gnu-tools-for-stm32.7-2018-q2-update.win32_1.0.0.201904181610/tools/bin/../lib/gcc/arm-none-eabi/7.3.1/thumb/v7e-m/fpv4-sp/hard/crtbegin.o
 .ARM.attributes
                0x0000000000000056       0x39 Drivers/STM32F4xx_HAL_Driver/Src/stm32f4xx_hal.o
 .ARM.attributes
                0x000000000000008f       0x39 Drivers/STM32F4xx_HAL_Driver/Src/stm32f4xx_hal_cortex.o
 .ARM.attributes
                0x00000000000000c8       0x39 Drivers/STM32F4xx_HAL_Driver/Src/stm32f4xx_hal_rcc.o
 .ARM.attributes
                0x0000000000000101       0x39 Drivers/STM32F4xx_HAL_Driver/Src/stm32f4xx_hal_tim.o
 .ARM.attributes
                0x000000000000013a       0x39 Drivers/STM32F4xx_HAL_Driver/Src/stm32f4xx_hal_tim_ex.o
 .ARM.attributes
                0x0000000000000173       0x39 Examples/display_example11.o
 .ARM.attributes
                0x00000000000001ac       0x39 Middlewares/Third_Party/FatFs/src/diskio.o
 .ARM.attributes
                0x00000000000001e5       0x39 Middlewares/Third_Party/FatFs/src/ff.o
 .ARM.attributes
                0x000000000000021e       0x39 Middlewares/Third_Party/FatFs/src/ff_gen_drv.o
 .ARM.attributes
                0x0000000000000257       0x39 Middlewares/Third_Party/FreeRTOS/Source/CMSIS_RTOS/cmsis_os.o
 .ARM.attributes
                0x0000000000000290       0x39 Middlewares/Third_Party/FreeRTOS/Source/list.o
 .ARM.attributes
                0x00000000000002c9       0x39 Middlewares/Third_Party/FreeRTOS/Source/tasks.o
 .ARM.attributes
                0x0000000000000302       0x39 Middlewares/Third_Party/FreeRTOS/Source/portable/GCC/ARM_CM4F/port.o
 .ARM.attributes
                0x000000000000033b       0x39 Middlewares/Third_Party/FreeRTOS/Source/portable/MemMang/heap_4.o
 .ARM.attributes
                0x0000000000000374       0x39 Src/fatfs.o
 .ARM.attributes
                0x00000000000003ad       0x39 Src/freertos.o
 .ARM.attributes
                0x00000000000003e6       0x39 Src/main.o
 .ARM.attributes
                0x000000000000041f       0x39 Src/stm32f4xx_hal_msp.o
 .ARM.attributes
                0x0000000000000458       0x39 Src/stm32f4xx_hal_timebase_tim.o
 .ARM.attributes
                0x0000000000000491       0x39 Src/stm32f4xx_it.o
 .ARM.attributes
                0x00000000000004ca       0x39 Src/sysmem.o
 .ARM.attributes
                0x0000000000000503       0x39 Src/system_stm32f4xx.o
 .ARM.attributes
                0x000000000000053c       0x39 Src/user_diskio.o
 .ARM.attributes
                0x0000000000000575       0x21 Startup/startup_stm32f415rgtx.o
 .ARM.attributes
                0x0000000000000596       0x39 displayDriver/displayDriver.o
 .ARM.attributes
                0x00000000000005cf       0x34 c:/st/stm32cubeide_1.0.0/stm32cubeide/plugins/com.st.stm32cube.ide.mcu.externaltools.gnu-tools-for-stm32.7-2018-q2-update.win32_1.0.0.201904181610/tools/bin/../lib/gcc/arm-none-eabi/7.3.1/../../../../arm-none-eabi/lib/thumb/v7e-m/fpv4-sp/hard\libc_nano.a(lib_a-errno.o)
 .ARM.attributes
                0x0000000000000603       0x34 c:/st/stm32cubeide_1.0.0/stm32cubeide/plugins/com.st.stm32cube.ide.mcu.externaltools.gnu-tools-for-stm32.7-2018-q2-update.win32_1.0.0.201904181610/tools/bin/../lib/gcc/arm-none-eabi/7.3.1/../../../../arm-none-eabi/lib/thumb/v7e-m/fpv4-sp/hard\libc_nano.a(lib_a-impure.o)
 .ARM.attributes
                0x0000000000000637       0x34 c:/st/stm32cubeide_1.0.0/stm32cubeide/plugins/com.st.stm32cube.ide.mcu.externaltools.gnu-tools-for-stm32.7-2018-q2-update.win32_1.0.0.201904181610/tools/bin/../lib/gcc/arm-none-eabi/7.3.1/../../../../arm-none-eabi/lib/thumb/v7e-m/fpv4-sp/hard\libc_nano.a(lib_a-init.o)
 .ARM.attributes
                0x000000000000066b       0x34 c:/st/stm32cubeide_1.0.0/stm32cubeide/plugins/com.st.stm32cube.ide.mcu.externaltools.gnu-tools-for-stm32.7-2018-q2-update.win32_1.0.0.201904181610/tools/bin/../lib/gcc/arm-none-eabi/7.3.1/../../../../arm-none-eabi/lib/thumb/v7e-m/fpv4-sp/hard\libc_nano.a(lib_a-memcpy-stub.o)
 .ARM.attributes
                0x000000000000069f       0x34 c:/st/stm32cubeide_1.0.0/stm32cubeide/plugins/com.st.stm32cube.ide.mcu.externaltools.gnu-tools-for-stm32.7-2018-q2-update.win32_1.0.0.201904181610/tools/bin/../lib/gcc/arm-none-eabi/7.3.1/../../../../arm-none-eabi/lib/thumb/v7e-m/fpv4-sp/hard\libc_nano.a(lib_a-memmove.o)
 .ARM.attributes
                0x00000000000006d3       0x34 c:/st/stm32cubeide_1.0.0/stm32cubeide/plugins/com.st.stm32cube.ide.mcu.externaltools.gnu-tools-for-stm32.7-2018-q2-update.win32_1.0.0.201904181610/tools/bin/../lib/gcc/arm-none-eabi/7.3.1/../../../../arm-none-eabi/lib/thumb/v7e-m/fpv4-sp/hard\libc_nano.a(lib_a-memset.o)
 .ARM.attributes
                0x0000000000000707       0x34 c:/st/stm32cubeide_1.0.0/stm32cubeide/plugins/com.st.stm32cube.ide.mcu.externaltools.gnu-tools-for-stm32.7-2018-q2-update.win32_1.0.0.201904181610/tools/bin/../lib/gcc/arm-none-eabi/7.3.1/../../../../arm-none-eabi/lib/thumb/v7e-m/fpv4-sp/hard\libc_nano.a(lib_a-sprintf.o)
 .ARM.attributes
                0x000000000000073b       0x34 c:/st/stm32cubeide_1.0.0/stm32cubeide/plugins/com.st.stm32cube.ide.mcu.externaltools.gnu-tools-for-stm32.7-2018-q2-update.win32_1.0.0.201904181610/tools/bin/../lib/gcc/arm-none-eabi/7.3.1/../../../../arm-none-eabi/lib/thumb/v7e-m/fpv4-sp/hard\libc_nano.a(lib_a-nano-freer.o)
 .ARM.attributes
                0x000000000000076f       0x34 c:/st/stm32cubeide_1.0.0/stm32cubeide/plugins/com.st.stm32cube.ide.mcu.externaltools.gnu-tools-for-stm32.7-2018-q2-update.win32_1.0.0.201904181610/tools/bin/../lib/gcc/arm-none-eabi/7.3.1/../../../../arm-none-eabi/lib/thumb/v7e-m/fpv4-sp/hard\libc_nano.a(lib_a-nano-mallocr.o)
 .ARM.attributes
                0x00000000000007a3       0x34 c:/st/stm32cubeide_1.0.0/stm32cubeide/plugins/com.st.stm32cube.ide.mcu.externaltools.gnu-tools-for-stm32.7-2018-q2-update.win32_1.0.0.201904181610/tools/bin/../lib/gcc/arm-none-eabi/7.3.1/../../../../arm-none-eabi/lib/thumb/v7e-m/fpv4-sp/hard\libc_nano.a(lib_a-nano-svfprintf.o)
 .ARM.attributes
                0x00000000000007d7       0x34 c:/st/stm32cubeide_1.0.0/stm32cubeide/plugins/com.st.stm32cube.ide.mcu.externaltools.gnu-tools-for-stm32.7-2018-q2-update.win32_1.0.0.201904181610/tools/bin/../lib/gcc/arm-none-eabi/7.3.1/../../../../arm-none-eabi/lib/thumb/v7e-m/fpv4-sp/hard\libc_nano.a(lib_a-nano-vfprintf_i.o)
 .ARM.attributes
                0x000000000000080b       0x34 c:/st/stm32cubeide_1.0.0/stm32cubeide/plugins/com.st.stm32cube.ide.mcu.externaltools.gnu-tools-for-stm32.7-2018-q2-update.win32_1.0.0.201904181610/tools/bin/../lib/gcc/arm-none-eabi/7.3.1/../../../../arm-none-eabi/lib/thumb/v7e-m/fpv4-sp/hard\libc_nano.a(lib_a-sbrkr.o)
 .ARM.attributes
                0x000000000000083f       0x20 c:/st/stm32cubeide_1.0.0/stm32cubeide/plugins/com.st.stm32cube.ide.mcu.externaltools.gnu-tools-for-stm32.7-2018-q2-update.win32_1.0.0.201904181610/tools/bin/../lib/gcc/arm-none-eabi/7.3.1/../../../../arm-none-eabi/lib/thumb/v7e-m/fpv4-sp/hard\libc_nano.a(lib_a-memchr.o)
 .ARM.attributes
                0x000000000000085f       0x34 c:/st/stm32cubeide_1.0.0/stm32cubeide/plugins/com.st.stm32cube.ide.mcu.externaltools.gnu-tools-for-stm32.7-2018-q2-update.win32_1.0.0.201904181610/tools/bin/../lib/gcc/arm-none-eabi/7.3.1/../../../../arm-none-eabi/lib/thumb/v7e-m/fpv4-sp/hard\libc_nano.a(lib_a-mlock.o)
 .ARM.attributes
                0x0000000000000893       0x34 c:/st/stm32cubeide_1.0.0/stm32cubeide/plugins/com.st.stm32cube.ide.mcu.externaltools.gnu-tools-for-stm32.7-2018-q2-update.win32_1.0.0.201904181610/tools/bin/../lib/gcc/arm-none-eabi/7.3.1/../../../../arm-none-eabi/lib/thumb/v7e-m/fpv4-sp/hard\libc_nano.a(lib_a-nano-reallocr.o)
 .ARM.attributes
                0x00000000000008c7       0x34 c:/st/stm32cubeide_1.0.0/stm32cubeide/plugins/com.st.stm32cube.ide.mcu.externaltools.gnu-tools-for-stm32.7-2018-q2-update.win32_1.0.0.201904181610/tools/bin/../lib/gcc/arm-none-eabi/7.3.1/../../../../arm-none-eabi/lib/thumb/v7e-m/fpv4-sp/hard\libc_nano.a(lib_a-reent.o)
 .ARM.attributes
                0x00000000000008fb       0x34 c:/st/stm32cubeide_1.0.0/stm32cubeide/plugins/com.st.stm32cube.ide.mcu.externaltools.gnu-tools-for-stm32.7-2018-q2-update.win32_1.0.0.201904181610/tools/bin/../lib/gcc/arm-none-eabi/7.3.1/../../../../arm-none-eabi/lib/thumb/v7e-m/fpv4-sp/hard\libc_nano.a(lib_a-nano-msizer.o)
 .ARM.attributes
                0x000000000000092f       0x22 c:/st/stm32cubeide_1.0.0/stm32cubeide/plugins/com.st.stm32cube.ide.mcu.externaltools.gnu-tools-for-stm32.7-2018-q2-update.win32_1.0.0.201904181610/tools/bin/../lib/gcc/arm-none-eabi/7.3.1/thumb/v7e-m/fpv4-sp/hard\libgcc.a(_aeabi_uldivmod.o)
 .ARM.attributes
                0x0000000000000951       0x34 c:/st/stm32cubeide_1.0.0/stm32cubeide/plugins/com.st.stm32cube.ide.mcu.externaltools.gnu-tools-for-stm32.7-2018-q2-update.win32_1.0.0.201904181610/tools/bin/../lib/gcc/arm-none-eabi/7.3.1/thumb/v7e-m/fpv4-sp/hard\libgcc.a(_udivmoddi4.o)
 .ARM.attributes
                0x0000000000000985       0x22 c:/st/stm32cubeide_1.0.0/stm32cubeide/plugins/com.st.stm32cube.ide.mcu.externaltools.gnu-tools-for-stm32.7-2018-q2-update.win32_1.0.0.201904181610/tools/bin/../lib/gcc/arm-none-eabi/7.3.1/thumb/v7e-m/fpv4-sp/hard\libgcc.a(_dvmd_tls.o)
 .ARM.attributes
                0x00000000000009a7       0x22 c:/st/stm32cubeide_1.0.0/stm32cubeide/plugins/com.st.stm32cube.ide.mcu.externaltools.gnu-tools-for-stm32.7-2018-q2-update.win32_1.0.0.201904181610/tools/bin/../lib/gcc/arm-none-eabi/7.3.1/thumb/v7e-m/fpv4-sp/hard/crtn.o
OUTPUT(LED_MATRIX_DISPLAY_STM32.elf elf32-littlearm)

.debug_info     0x0000000000000000    0x28122
 .debug_info    0x0000000000000000      0x9e8 Drivers/STM32F4xx_HAL_Driver/Src/stm32f4xx_hal.o
 .debug_info    0x00000000000009e8      0xf2c Drivers/STM32F4xx_HAL_Driver/Src/stm32f4xx_hal_cortex.o
 .debug_info    0x0000000000001914      0xa75 Drivers/STM32F4xx_HAL_Driver/Src/stm32f4xx_hal_rcc.o
 .debug_info    0x0000000000002389     0x3e3b Drivers/STM32F4xx_HAL_Driver/Src/stm32f4xx_hal_tim.o
 .debug_info    0x00000000000061c4     0x1518 Drivers/STM32F4xx_HAL_Driver/Src/stm32f4xx_hal_tim_ex.o
 .debug_info    0x00000000000076dc     0x1a39 Examples/display_example11.o
 .debug_info    0x0000000000009115      0xcc7 Middlewares/Third_Party/FatFs/src/diskio.o
 .debug_info    0x0000000000009ddc     0xa27c Middlewares/Third_Party/FatFs/src/ff.o
 .debug_info    0x0000000000014058      0xdae Middlewares/Third_Party/FatFs/src/ff_gen_drv.o
 .debug_info    0x0000000000014e06     0x2db0 Middlewares/Third_Party/FreeRTOS/Source/CMSIS_RTOS/cmsis_os.o
 .debug_info    0x0000000000017bb6      0xb1b Middlewares/Third_Party/FreeRTOS/Source/list.o
 .debug_info    0x00000000000186d1     0x33c6 Middlewares/Third_Party/FreeRTOS/Source/tasks.o
 .debug_info    0x000000000001ba97      0x5aa Middlewares/Third_Party/FreeRTOS/Source/portable/GCC/ARM_CM4F/port.o
 .debug_info    0x000000000001c041      0xcec Middlewares/Third_Party/FreeRTOS/Source/portable/MemMang/heap_4.o
 .debug_info    0x000000000001cd2d      0xd4d Src/fatfs.o
 .debug_info    0x000000000001da7a      0x2ea Src/freertos.o
 .debug_info    0x000000000001dd64     0x26c0 Src/main.o
 .debug_info    0x0000000000020424      0xad6 Src/stm32f4xx_hal_msp.o
 .debug_info    0x0000000000020efa      0xb97 Src/stm32f4xx_hal_timebase_tim.o
 .debug_info    0x0000000000021a91      0x6ad Src/stm32f4xx_it.o
 .debug_info    0x000000000002213e      0x936 Src/sysmem.o
 .debug_info    0x0000000000022a74      0x507 Src/system_stm32f4xx.o
 .debug_info    0x0000000000022f7b     0x1dbe Src/user_diskio.o
 .debug_info    0x0000000000024d39       0x22 Startup/startup_stm32f415rgtx.o
 .debug_info    0x0000000000024d5b     0x33c7 displayDriver/displayDriver.o

.debug_abbrev   0x0000000000000000     0x42a0
 .debug_abbrev  0x0000000000000000      0x244 Drivers/STM32F4xx_HAL_Driver/Src/stm32f4xx_hal.o
 .debug_abbrev  0x0000000000000244      0x320 Drivers/STM32F4xx_HAL_Driver/Src/stm32f4xx_hal_cortex.o
 .debug_abbrev  0x0000000000000564      0x2c3 Drivers/STM32F4xx_HAL_Driver/Src/stm32f4xx_hal_rcc.o
 .debug_abbrev  0x0000000000000827      0x33a Drivers/STM32F4xx_HAL_Driver/Src/stm32f4xx_hal_tim.o
 .debug_abbrev  0x0000000000000b61      0x2ea Drivers/STM32F4xx_HAL_Driver/Src/stm32f4xx_hal_tim_ex.o
 .debug_abbrev  0x0000000000000e4b      0x238 Examples/display_example11.o
 .debug_abbrev  0x0000000000001083      0x242 Middlewares/Third_Party/FatFs/src/diskio.o
 .debug_abbrev  0x00000000000012c5      0x436 Middlewares/Third_Party/FatFs/src/ff.o
 .debug_abbrev  0x00000000000016fb      0x2ba Middlewares/Third_Party/FatFs/src/ff_gen_drv.o
 .debug_abbrev  0x00000000000019b5      0x49d Middlewares/Third_Party/FreeRTOS/Source/CMSIS_RTOS/cmsis_os.o
 .debug_abbrev  0x0000000000001e52      0x1ed Middlewares/Third_Party/FreeRTOS/Source/list.o
 .debug_abbrev  0x000000000000203f      0x486 Middlewares/Third_Party/FreeRTOS/Source/tasks.o
 .debug_abbrev  0x00000000000024c5      0x23e Middlewares/Third_Party/FreeRTOS/Source/portable/GCC/ARM_CM4F/port.o
 .debug_abbrev  0x0000000000002703      0x320 Middlewares/Third_Party/FreeRTOS/Source/portable/MemMang/heap_4.o
 .debug_abbrev  0x0000000000002a23      0x209 Src/fatfs.o
 .debug_abbrev  0x0000000000002c2c       0xef Src/freertos.o
 .debug_abbrev  0x0000000000002d1b      0x370 Src/main.o
 .debug_abbrev  0x000000000000308b      0x1b7 Src/stm32f4xx_hal_msp.o
 .debug_abbrev  0x0000000000003242      0x1ee Src/stm32f4xx_hal_timebase_tim.o
 .debug_abbrev  0x0000000000003430      0x1ab Src/stm32f4xx_it.o
 .debug_abbrev  0x00000000000035db      0x1e8 Src/sysmem.o
 .debug_abbrev  0x00000000000037c3      0x111 Src/system_stm32f4xx.o
 .debug_abbrev  0x00000000000038d4      0x402 Src/user_diskio.o
 .debug_abbrev  0x0000000000003cd6       0x12 Startup/startup_stm32f415rgtx.o
 .debug_abbrev  0x0000000000003ce8      0x5b8 displayDriver/displayDriver.o

.debug_loc      0x0000000000000000    0x1e08b
 .debug_loc     0x0000000000000000      0x11c Drivers/STM32F4xx_HAL_Driver/Src/stm32f4xx_hal.o
 .debug_loc     0x000000000000011c      0x5c9 Drivers/STM32F4xx_HAL_Driver/Src/stm32f4xx_hal_cortex.o
 .debug_loc     0x00000000000006e5      0x3d0 Drivers/STM32F4xx_HAL_Driver/Src/stm32f4xx_hal_rcc.o
 .debug_loc     0x0000000000000ab5     0x560a Drivers/STM32F4xx_HAL_Driver/Src/stm32f4xx_hal_tim.o
 .debug_loc     0x00000000000060bf     0x115e Drivers/STM32F4xx_HAL_Driver/Src/stm32f4xx_hal_tim_ex.o
 .debug_loc     0x000000000000721d      0x1c6 Middlewares/Third_Party/FatFs/src/diskio.o
 .debug_loc     0x00000000000073e3     0xf35a Middlewares/Third_Party/FatFs/src/ff.o
 .debug_loc     0x000000000001673d      0x471 Middlewares/Third_Party/FatFs/src/ff_gen_drv.o
 .debug_loc     0x0000000000016bae     0x1340 Middlewares/Third_Party/FreeRTOS/Source/CMSIS_RTOS/cmsis_os.o
 .debug_loc     0x0000000000017eee       0x69 Middlewares/Third_Party/FreeRTOS/Source/list.o
 .debug_loc     0x0000000000017f57     0x1e85 Middlewares/Third_Party/FreeRTOS/Source/tasks.o
 .debug_loc     0x0000000000019ddc       0xdd Middlewares/Third_Party/FreeRTOS/Source/portable/GCC/ARM_CM4F/port.o
 .debug_loc     0x0000000000019eb9      0x355 Middlewares/Third_Party/FreeRTOS/Source/portable/MemMang/heap_4.o
 .debug_loc     0x000000000001a20e       0x63 Src/main.o
 .debug_loc     0x000000000001a271       0x42 Src/stm32f4xx_hal_msp.o
 .debug_loc     0x000000000001a2b3       0x9a Src/stm32f4xx_hal_timebase_tim.o
 .debug_loc     0x000000000001a34d       0x6b Src/sysmem.o
 .debug_loc     0x000000000001a3b8      0x121 Src/system_stm32f4xx.o
 .debug_loc     0x000000000001a4d9     0x1330 Src/user_diskio.o
 .debug_loc     0x000000000001b809     0x2882 displayDriver/displayDriver.o

.debug_aranges  0x0000000000000000      0xe68
 .debug_aranges
                0x0000000000000000       0xe8 Drivers/STM32F4xx_HAL_Driver/Src/stm32f4xx_hal.o
 .debug_aranges
                0x00000000000000e8       0xa8 Drivers/STM32F4xx_HAL_Driver/Src/stm32f4xx_hal_cortex.o
 .debug_aranges
                0x0000000000000190       0x88 Drivers/STM32F4xx_HAL_Driver/Src/stm32f4xx_hal_rcc.o
 .debug_aranges
                0x0000000000000218      0x258 Drivers/STM32F4xx_HAL_Driver/Src/stm32f4xx_hal_tim.o
 .debug_aranges
                0x0000000000000470       0xf0 Drivers/STM32F4xx_HAL_Driver/Src/stm32f4xx_hal_tim_ex.o
 .debug_aranges
                0x0000000000000560       0x28 Examples/display_example11.o
 .debug_aranges
                0x0000000000000588       0x48 Middlewares/Third_Party/FatFs/src/diskio.o
 .debug_aranges
                0x00000000000005d0      0x110 Middlewares/Third_Party/FatFs/src/ff.o
 .debug_aranges
                0x00000000000006e0       0x40 Middlewares/Third_Party/FatFs/src/ff_gen_drv.o
 .debug_aranges
                0x0000000000000720      0x190 Middlewares/Third_Party/FreeRTOS/Source/CMSIS_RTOS/cmsis_os.o
 .debug_aranges
                0x00000000000008b0       0x40 Middlewares/Third_Party/FreeRTOS/Source/list.o
 .debug_aranges
                0x00000000000008f0      0x180 Middlewares/Third_Party/FreeRTOS/Source/tasks.o
 .debug_aranges
                0x0000000000000a70       0x80 Middlewares/Third_Party/FreeRTOS/Source/portable/GCC/ARM_CM4F/port.o
 .debug_aranges
                0x0000000000000af0       0x48 Middlewares/Third_Party/FreeRTOS/Source/portable/MemMang/heap_4.o
 .debug_aranges
                0x0000000000000b38       0x28 Src/fatfs.o
 .debug_aranges
                0x0000000000000b60       0x20 Src/freertos.o
 .debug_aranges
                0x0000000000000b80       0x48 Src/main.o
 .debug_aranges
                0x0000000000000bc8       0x30 Src/stm32f4xx_hal_msp.o
 .debug_aranges
                0x0000000000000bf8       0x30 Src/stm32f4xx_hal_timebase_tim.o
 .debug_aranges
                0x0000000000000c28       0x50 Src/stm32f4xx_it.o
 .debug_aranges
                0x0000000000000c78       0x20 Src/sysmem.o
 .debug_aranges
                0x0000000000000c98       0x28 Src/system_stm32f4xx.o
 .debug_aranges
                0x0000000000000cc0       0x58 Src/user_diskio.o
 .debug_aranges
                0x0000000000000d18       0x28 Startup/startup_stm32f415rgtx.o
 .debug_aranges
                0x0000000000000d40      0x128 displayDriver/displayDriver.o

.debug_ranges   0x0000000000000000     0x4470
 .debug_ranges  0x0000000000000000       0xd8 Drivers/STM32F4xx_HAL_Driver/Src/stm32f4xx_hal.o
 .debug_ranges  0x00000000000000d8      0x138 Drivers/STM32F4xx_HAL_Driver/Src/stm32f4xx_hal_cortex.o
 .debug_ranges  0x0000000000000210      0x100 Drivers/STM32F4xx_HAL_Driver/Src/stm32f4xx_hal_rcc.o
 .debug_ranges  0x0000000000000310      0x6f0 Drivers/STM32F4xx_HAL_Driver/Src/stm32f4xx_hal_tim.o
 .debug_ranges  0x0000000000000a00       0xe0 Drivers/STM32F4xx_HAL_Driver/Src/stm32f4xx_hal_tim_ex.o
 .debug_ranges  0x0000000000000ae0       0x18 Examples/display_example11.o
 .debug_ranges  0x0000000000000af8       0x38 Middlewares/Third_Party/FatFs/src/diskio.o
 .debug_ranges  0x0000000000000b30     0x20c8 Middlewares/Third_Party/FatFs/src/ff.o
 .debug_ranges  0x0000000000002bf8       0x68 Middlewares/Third_Party/FatFs/src/ff_gen_drv.o
 .debug_ranges  0x0000000000002c60      0x2d0 Middlewares/Third_Party/FreeRTOS/Source/CMSIS_RTOS/cmsis_os.o
 .debug_ranges  0x0000000000002f30       0x30 Middlewares/Third_Party/FreeRTOS/Source/list.o
 .debug_ranges  0x0000000000002f60      0x400 Middlewares/Third_Party/FreeRTOS/Source/tasks.o
 .debug_ranges  0x0000000000003360       0x98 Middlewares/Third_Party/FreeRTOS/Source/portable/GCC/ARM_CM4F/port.o
 .debug_ranges  0x00000000000033f8       0x38 Middlewares/Third_Party/FreeRTOS/Source/portable/MemMang/heap_4.o
 .debug_ranges  0x0000000000003430       0x18 Src/fatfs.o
 .debug_ranges  0x0000000000003448       0x10 Src/freertos.o
 .debug_ranges  0x0000000000003458       0xe8 Src/main.o
 .debug_ranges  0x0000000000003540       0x38 Src/stm32f4xx_hal_msp.o
 .debug_ranges  0x0000000000003578       0x48 Src/stm32f4xx_hal_timebase_tim.o
 .debug_ranges  0x00000000000035c0       0x40 Src/stm32f4xx_it.o
 .debug_ranges  0x0000000000003600       0x10 Src/sysmem.o
 .debug_ranges  0x0000000000003610       0x18 Src/system_stm32f4xx.o
 .debug_ranges  0x0000000000003628      0x6a0 Src/user_diskio.o
 .debug_ranges  0x0000000000003cc8       0x20 Startup/startup_stm32f415rgtx.o
 .debug_ranges  0x0000000000003ce8      0x788 displayDriver/displayDriver.o

.debug_macro    0x0000000000000000    0x23c5f
 .debug_macro   0x0000000000000000      0x224 Drivers/STM32F4xx_HAL_Driver/Src/stm32f4xx_hal.o
 .debug_macro   0x0000000000000224      0xa5a Drivers/STM32F4xx_HAL_Driver/Src/stm32f4xx_hal.o
 .debug_macro   0x0000000000000c7e      0x184 Drivers/STM32F4xx_HAL_Driver/Src/stm32f4xx_hal.o
 .debug_macro   0x0000000000000e02       0x32 Drivers/STM32F4xx_HAL_Driver/Src/stm32f4xx_hal.o
 .debug_macro   0x0000000000000e34       0x28 Drivers/STM32F4xx_HAL_Driver/Src/stm32f4xx_hal.o
 .debug_macro   0x0000000000000e5c       0x22 Drivers/STM32F4xx_HAL_Driver/Src/stm32f4xx_hal.o
 .debug_macro   0x0000000000000e7e       0x8e Drivers/STM32F4xx_HAL_Driver/Src/stm32f4xx_hal.o
 .debug_macro   0x0000000000000f0c       0x51 Drivers/STM32F4xx_HAL_Driver/Src/stm32f4xx_hal.o
 .debug_macro   0x0000000000000f5d       0xef Drivers/STM32F4xx_HAL_Driver/Src/stm32f4xx_hal.o
 .debug_macro   0x000000000000104c       0x6a Drivers/STM32F4xx_HAL_Driver/Src/stm32f4xx_hal.o
 .debug_macro   0x00000000000010b6      0x1df Drivers/STM32F4xx_HAL_Driver/Src/stm32f4xx_hal.o
 .debug_macro   0x0000000000001295       0x1c Drivers/STM32F4xx_HAL_Driver/Src/stm32f4xx_hal.o
 .debug_macro   0x00000000000012b1       0x22 Drivers/STM32F4xx_HAL_Driver/Src/stm32f4xx_hal.o
 .debug_macro   0x00000000000012d3       0xdf Drivers/STM32F4xx_HAL_Driver/Src/stm32f4xx_hal.o
 .debug_macro   0x00000000000013b2     0x102d Drivers/STM32F4xx_HAL_Driver/Src/stm32f4xx_hal.o
 .debug_macro   0x00000000000023df      0x11f Drivers/STM32F4xx_HAL_Driver/Src/stm32f4xx_hal.o
 .debug_macro   0x00000000000024fe    0x14767 Drivers/STM32F4xx_HAL_Driver/Src/stm32f4xx_hal.o
 .debug_macro   0x0000000000016c65       0x43 Drivers/STM32F4xx_HAL_Driver/Src/stm32f4xx_hal.o
 .debug_macro   0x0000000000016ca8     0x35d4 Drivers/STM32F4xx_HAL_Driver/Src/stm32f4xx_hal.o
 .debug_macro   0x000000000001a27c      0x174 Drivers/STM32F4xx_HAL_Driver/Src/stm32f4xx_hal.o
 .debug_macro   0x000000000001a3f0       0x5a Drivers/STM32F4xx_HAL_Driver/Src/stm32f4xx_hal.o
 .debug_macro   0x000000000001a44a      0x917 Drivers/STM32F4xx_HAL_Driver/Src/stm32f4xx_hal.o
 .debug_macro   0x000000000001ad61      0x9fe Drivers/STM32F4xx_HAL_Driver/Src/stm32f4xx_hal.o
 .debug_macro   0x000000000001b75f       0xed Drivers/STM32F4xx_HAL_Driver/Src/stm32f4xx_hal.o
 .debug_macro   0x000000000001b84c      0x117 Drivers/STM32F4xx_HAL_Driver/Src/stm32f4xx_hal.o
 .debug_macro   0x000000000001b963      0x130 Drivers/STM32F4xx_HAL_Driver/Src/stm32f4xx_hal.o
 .debug_macro   0x000000000001ba93       0x27 Drivers/STM32F4xx_HAL_Driver/Src/stm32f4xx_hal.o
 .debug_macro   0x000000000001baba      0x287 Drivers/STM32F4xx_HAL_Driver/Src/stm32f4xx_hal.o
 .debug_macro   0x000000000001bd41       0x5f Drivers/STM32F4xx_HAL_Driver/Src/stm32f4xx_hal.o
 .debug_macro   0x000000000001bda0      0x236 Drivers/STM32F4xx_HAL_Driver/Src/stm32f4xx_hal.o
 .debug_macro   0x000000000001bfd6      0x12c Drivers/STM32F4xx_HAL_Driver/Src/stm32f4xx_hal.o
 .debug_macro   0x000000000001c102      0x21e Drivers/STM32F4xx_HAL_Driver/Src/stm32f4xx_hal.o
 .debug_macro   0x000000000001c320       0x2e Drivers/STM32F4xx_HAL_Driver/Src/stm32f4xx_hal.o
 .debug_macro   0x000000000001c34e      0x11a Drivers/STM32F4xx_HAL_Driver/Src/stm32f4xx_hal.o
 .debug_macro   0x000000000001c468       0x7e Drivers/STM32F4xx_HAL_Driver/Src/stm32f4xx_hal.o
 .debug_macro   0x000000000001c4e6       0x89 Drivers/STM32F4xx_HAL_Driver/Src/stm32f4xx_hal.o
 .debug_macro   0x000000000001c56f      0x87d Drivers/STM32F4xx_HAL_Driver/Src/stm32f4xx_hal.o
 .debug_macro   0x000000000001cdec       0x47 Drivers/STM32F4xx_HAL_Driver/Src/stm32f4xx_hal.o
 .debug_macro   0x000000000001ce33      0x12d Drivers/STM32F4xx_HAL_Driver/Src/stm32f4xx_hal.o
 .debug_macro   0x000000000001cf60      0x1c4 Drivers/STM32F4xx_HAL_Driver/Src/stm32f4xx_hal_cortex.o
 .debug_macro   0x000000000001d124      0x1e8 Drivers/STM32F4xx_HAL_Driver/Src/stm32f4xx_hal_rcc.o
 .debug_macro   0x000000000001d30c      0x1c5 Drivers/STM32F4xx_HAL_Driver/Src/stm32f4xx_hal_tim.o
 .debug_macro   0x000000000001d4d1      0x1c4 Drivers/STM32F4xx_HAL_Driver/Src/stm32f4xx_hal_tim_ex.o
 .debug_macro   0x000000000001d695      0x44c Examples/display_example11.o
 .debug_macro   0x000000000001dae1       0x40 Examples/display_example11.o
 .debug_macro   0x000000000001db21       0x18 Examples/display_example11.o
 .debug_macro   0x000000000001db39       0x94 Examples/display_example11.o
 .debug_macro   0x000000000001dbcd       0x3c Examples/display_example11.o
 .debug_macro   0x000000000001dc09       0x34 Examples/display_example11.o
 .debug_macro   0x000000000001dc3d       0x57 Examples/display_example11.o
 .debug_macro   0x000000000001dc94       0x52 Examples/display_example11.o
 .debug_macro   0x000000000001dce6       0x1f Examples/display_example11.o
 .debug_macro   0x000000000001dd05       0x43 Examples/display_example11.o
 .debug_macro   0x000000000001dd48       0x20 Examples/display_example11.o
 .debug_macro   0x000000000001dd68      0x1a3 Examples/display_example11.o
 .debug_macro   0x000000000001df0b      0x330 Examples/display_example11.o
 .debug_macro   0x000000000001e23b      0x1e1 Examples/display_example11.o
 .debug_macro   0x000000000001e41c       0x16 Examples/display_example11.o
 .debug_macro   0x000000000001e432       0x35 Examples/display_example11.o
 .debug_macro   0x000000000001e467       0x16 Examples/display_example11.o
 .debug_macro   0x000000000001e47d       0x29 Examples/display_example11.o
 .debug_macro   0x000000000001e4a6       0x1c Examples/display_example11.o
 .debug_macro   0x000000000001e4c2       0x10 Examples/display_example11.o
 .debug_macro   0x000000000001e4d2       0x10 Examples/display_example11.o
 .debug_macro   0x000000000001e4e2       0x1c Examples/display_example11.o
 .debug_macro   0x000000000001e4fe       0x52 Examples/display_example11.o
 .debug_macro   0x000000000001e550       0x40 Examples/display_example11.o
 .debug_macro   0x000000000001e590       0x10 Examples/display_example11.o
 .debug_macro   0x000000000001e5a0       0x40 Examples/display_example11.o
 .debug_macro   0x000000000001e5e0       0xd7 Examples/display_example11.o
 .debug_macro   0x000000000001e6b7       0x1c Examples/display_example11.o
 .debug_macro   0x000000000001e6d3       0x3d Examples/display_example11.o
 .debug_macro   0x000000000001e710       0x16 Examples/display_example11.o
 .debug_macro   0x000000000001e726      0x145 Examples/display_example11.o
 .debug_macro   0x000000000001e86b       0xd9 Examples/display_example11.o
 .debug_macro   0x000000000001e944       0x54 Examples/display_example11.o
 .debug_macro   0x000000000001e998      0x32b Examples/display_example11.o
 .debug_macro   0x000000000001ecc3       0x4c Examples/display_example11.o
 .debug_macro   0x000000000001ed0f       0x46 Examples/display_example11.o
 .debug_macro   0x000000000001ed55       0xbe Examples/display_example11.o
 .debug_macro   0x000000000001ee13       0xf3 Examples/display_example11.o
 .debug_macro   0x000000000001ef06       0xdb Examples/display_example11.o
 .debug_macro   0x000000000001efe1       0xd0 Examples/display_example11.o
 .debug_macro   0x000000000001f0b1      0x15a Examples/display_example11.o
 .debug_macro   0x000000000001f20b       0xd7 Examples/display_example11.o
 .debug_macro   0x000000000001f2e2       0x10 Examples/display_example11.o
 .debug_macro   0x000000000001f2f2       0x1f Examples/display_example11.o
 .debug_macro   0x000000000001f311      0x4b7 Examples/display_example11.o
 .debug_macro   0x000000000001f7c8       0xb5 Examples/display_example11.o
 .debug_macro   0x000000000001f87d       0x8c Examples/display_example11.o
 .debug_macro   0x000000000001f909       0xf3 Examples/display_example11.o
 .debug_macro   0x000000000001f9fc      0x2d3 Middlewares/Third_Party/FatFs/src/diskio.o
 .debug_macro   0x000000000001fccf       0x16 Middlewares/Third_Party/FatFs/src/diskio.o
 .debug_macro   0x000000000001fce5       0x7c Middlewares/Third_Party/FatFs/src/diskio.o
 .debug_macro   0x000000000001fd61       0xe5 Middlewares/Third_Party/FatFs/src/diskio.o
 .debug_macro   0x000000000001fe46       0x46 Middlewares/Third_Party/FatFs/src/diskio.o
 .debug_macro   0x000000000001fe8c      0x32a Middlewares/Third_Party/FatFs/src/diskio.o
 .debug_macro   0x00000000000201b6       0x12 Middlewares/Third_Party/FatFs/src/diskio.o
 .debug_macro   0x00000000000201c8       0xe2 Middlewares/Third_Party/FatFs/src/diskio.o
 .debug_macro   0x00000000000202aa      0x6da Middlewares/Third_Party/FatFs/src/ff.o
 .debug_macro   0x0000000000020984       0x8e Middlewares/Third_Party/FatFs/src/ff.o
 .debug_macro   0x0000000000020a12       0x58 Middlewares/Third_Party/FatFs/src/ff.o
 .debug_macro   0x0000000000020a6a      0x2d3 Middlewares/Third_Party/FatFs/src/ff_gen_drv.o
 .debug_macro   0x0000000000020d3d      0x201 Middlewares/Third_Party/FreeRTOS/Source/CMSIS_RTOS/cmsis_os.o
 .debug_macro   0x0000000000020f3e       0x10 Middlewares/Third_Party/FreeRTOS/Source/CMSIS_RTOS/cmsis_os.o
 .debug_macro   0x0000000000020f4e       0x20 Middlewares/Third_Party/FreeRTOS/Source/CMSIS_RTOS/cmsis_os.o
 .debug_macro   0x0000000000020f6e       0xd0 Middlewares/Third_Party/FreeRTOS/Source/CMSIS_RTOS/cmsis_os.o
 .debug_macro   0x000000000002103e       0x91 Middlewares/Third_Party/FreeRTOS/Source/CMSIS_RTOS/cmsis_os.o
 .debug_macro   0x00000000000210cf       0x8d Middlewares/Third_Party/FreeRTOS/Source/CMSIS_RTOS/cmsis_os.o
 .debug_macro   0x000000000002115c       0x7e Middlewares/Third_Party/FreeRTOS/Source/CMSIS_RTOS/cmsis_os.o
 .debug_macro   0x00000000000211da       0x19 Middlewares/Third_Party/FreeRTOS/Source/CMSIS_RTOS/cmsis_os.o
 .debug_macro   0x00000000000211f3       0xf2 Middlewares/Third_Party/FreeRTOS/Source/CMSIS_RTOS/cmsis_os.o
 .debug_macro   0x00000000000212e5       0xc7 Middlewares/Third_Party/FreeRTOS/Source/CMSIS_RTOS/cmsis_os.o
 .debug_macro   0x00000000000213ac      0x18a Middlewares/Third_Party/FreeRTOS/Source/list.o
 .debug_macro   0x0000000000021536      0x283 Middlewares/Third_Party/FreeRTOS/Source/tasks.o
 .debug_macro   0x00000000000217b9       0x10 Middlewares/Third_Party/FreeRTOS/Source/tasks.o
 .debug_macro   0x00000000000217c9      0x1a6 Middlewares/Third_Party/FreeRTOS/Source/portable/GCC/ARM_CM4F/port.o
 .debug_macro   0x000000000002196f      0x1b1 Middlewares/Third_Party/FreeRTOS/Source/portable/MemMang/heap_4.o
 .debug_macro   0x0000000000021b20      0x2e5 Src/fatfs.o
 .debug_macro   0x0000000000021e05       0x28 Src/fatfs.o
 .debug_macro   0x0000000000021e2d      0x240 Src/freertos.o
 .debug_macro   0x000000000002206d      0x4cb Src/main.o
 .debug_macro   0x0000000000022538      0x331 Src/main.o
 .debug_macro   0x0000000000022869      0x1ce Src/stm32f4xx_hal_msp.o
 .debug_macro   0x0000000000022a37      0x1c4 Src/stm32f4xx_hal_timebase_tim.o
 .debug_macro   0x0000000000022bfb      0x295 Src/stm32f4xx_it.o
 .debug_macro   0x0000000000022e90      0x1ae Src/sysmem.o
 .debug_macro   0x000000000002303e      0x23b Src/sysmem.o
 .debug_macro   0x0000000000023279       0x16 Src/sysmem.o
 .debug_macro   0x000000000002328f      0x1ca Src/system_stm32f4xx.o
 .debug_macro   0x0000000000023459      0x3ba Src/user_diskio.o
 .debug_macro   0x0000000000023813      0x44c displayDriver/displayDriver.o

.debug_line     0x0000000000000000    0x12461
 .debug_line    0x0000000000000000      0x89f Drivers/STM32F4xx_HAL_Driver/Src/stm32f4xx_hal.o
 .debug_line    0x000000000000089f      0x92f Drivers/STM32F4xx_HAL_Driver/Src/stm32f4xx_hal_cortex.o
 .debug_line    0x00000000000011ce      0x9a6 Drivers/STM32F4xx_HAL_Driver/Src/stm32f4xx_hal_rcc.o
 .debug_line    0x0000000000001b74     0x1dd7 Drivers/STM32F4xx_HAL_Driver/Src/stm32f4xx_hal_tim.o
 .debug_line    0x000000000000394b      0xc52 Drivers/STM32F4xx_HAL_Driver/Src/stm32f4xx_hal_tim_ex.o
 .debug_line    0x000000000000459d      0xb2b Examples/display_example11.o
 .debug_line    0x00000000000050c8      0x894 Middlewares/Third_Party/FatFs/src/diskio.o
 .debug_line    0x000000000000595c     0x2bdf Middlewares/Third_Party/FatFs/src/ff.o
 .debug_line    0x000000000000853b      0x8e5 Middlewares/Third_Party/FatFs/src/ff_gen_drv.o
 .debug_line    0x0000000000008e20      0xe74 Middlewares/Third_Party/FreeRTOS/Source/CMSIS_RTOS/cmsis_os.o
 .debug_line    0x0000000000009c94      0x6d4 Middlewares/Third_Party/FreeRTOS/Source/list.o
 .debug_line    0x000000000000a368     0x11a9 Middlewares/Third_Party/FreeRTOS/Source/tasks.o
 .debug_line    0x000000000000b511      0x69e Middlewares/Third_Party/FreeRTOS/Source/portable/GCC/ARM_CM4F/port.o